Component: ARM Compiler 5.06 update 7 (build 960) Tool: armlink [4d3601]

==============================================================================

Section Cross References

    startup_stm32f10x_hd.o(RESET) refers to startup_stm32f10x_hd.o(STACK) for __initial_sp
    startup_stm32f10x_hd.o(RESET) refers to startup_stm32f10x_hd.o(.text) for Reset_Handler
    startup_stm32f10x_hd.o(RESET) refers to stm32f10x_it.o(.text) for NMI_Handler
    startup_stm32f10x_hd.o(RESET) refers to bsp_encoder.o(.text) for TIM3_IRQHandler
    startup_stm32f10x_hd.o(.text) refers to system_stm32f10x.o(.text) for SystemInit
    startup_stm32f10x_hd.o(.text) refers to entry.o(.ARM.Collect$$$$00000000) for __main
    system_stm32f10x.o(.text) refers to system_stm32f10x.o(.data) for SystemCoreClock
    stm32f10x_adc.o(.text) refers to stm32f10x_rcc.o(.text) for RCC_APB2PeriphResetCmd
    stm32f10x_bkp.o(.text) refers to stm32f10x_rcc.o(.text) for RCC_BackupResetCmd
    stm32f10x_can.o(.text) refers to stm32f10x_rcc.o(.text) for RCC_APB1PeriphResetCmd
    stm32f10x_cec.o(.text) refers to stm32f10x_rcc.o(.text) for RCC_APB1PeriphResetCmd
    stm32f10x_dac.o(.text) refers to stm32f10x_rcc.o(.text) for RCC_APB1PeriphResetCmd
    stm32f10x_gpio.o(.text) refers to stm32f10x_rcc.o(.text) for RCC_APB2PeriphResetCmd
    stm32f10x_i2c.o(.text) refers to stm32f10x_rcc.o(.text) for RCC_APB1PeriphResetCmd
    stm32f10x_pwr.o(.text) refers to stm32f10x_rcc.o(.text) for RCC_APB1PeriphResetCmd
    stm32f10x_rcc.o(.text) refers to stm32f10x_rcc.o(.data) for APBAHBPrescTable
    stm32f10x_spi.o(.text) refers to stm32f10x_rcc.o(.text) for RCC_APB2PeriphResetCmd
    stm32f10x_tim.o(.text) refers to stm32f10x_rcc.o(.text) for RCC_APB2PeriphResetCmd
    stm32f10x_usart.o(.text) refers to stm32f10x_rcc.o(.text) for RCC_APB2PeriphResetCmd
    stm32f10x_wwdg.o(.text) refers to stm32f10x_rcc.o(.text) for RCC_APB1PeriphResetCmd
    main.o(.text) refers to init.o(.text) for INIT_ALL
    bsp_motor.o(.text) refers to init.o(.text) for GPIO_INIT
    bsp_pwm.o(.text) refers to stm32f10x_gpio.o(.text) for GPIO_ResetBits
    bsp_pwm.o(.text) refers to init.o(.text) for GPIO_INIT
    bsp_pwm.o(.text) refers to stm32f10x_rcc.o(.text) for RCC_APB1PeriphClockCmd
    bsp_pwm.o(.text) refers to stm32f10x_tim.o(.text) for TIM_TimeBaseInit
    init.o(.text) refers to stm32f10x_rcc.o(.text) for RCC_APB2PeriphClockCmd
    init.o(.text) refers to stm32f10x_gpio.o(.text) for GPIO_Init
    init.o(.text) refers to bsp_motor.o(.text) for Motor_GPIO_Config
    init.o(.text) refers to bsp_pwm.o(.text) for PWM_GPIO_Config
    init.o(.text) refers to bsp_oled.o(.text) for OLED_Init
    init.o(.text) refers to bsp_usart.o(.text) for USART1_Init
    init.o(.text) refers to bsp_encoder.o(.text) for Encoder_Init
    init.o(.text) refers to delay.o(.text) for delay_init
    init.o(.text) refers to mpu6050.o(.text) for MPU_Init
    init.o(.text) refers to inv_mpu.o(.text) for mpu_dmp_init
    init.o(.text) refers to timer.o(.text) for Timer1_Init
    bsp_usart.o(.text) refers to init.o(.text) for GPIO_INIT
    bsp_usart.o(.text) refers to stm32f10x_rcc.o(.text) for RCC_APB2PeriphClockCmd
    bsp_usart.o(.text) refers to stm32f10x_usart.o(.text) for USART_Init
    bsp_oled.o(.text) refers to init.o(.text) for GPIO_INIT
    bsp_oled.o(.text) refers to stm32f10x_gpio.o(.text) for GPIO_WriteBit
    bsp_oled.o(.text) refers to bsp_oled.o(.constdata) for OLED_F8x16
    bsp_encoder.o(.text) refers to init.o(.text) for GPIO_INIT
    bsp_encoder.o(.text) refers to stm32f10x_rcc.o(.text) for RCC_APB1PeriphClockCmd
    bsp_encoder.o(.text) refers to stm32f10x_tim.o(.text) for TIM_TimeBaseStructInit
    stm32f10x_it.o(.text) refers to stm32f10x_tim.o(.text) for TIM_GetITStatus
    stm32f10x_it.o(.text) refers to contral.o(.text) for Core_App_X
    stm32f10x_it.o(.text) refers to stm32f10x_it.o(.data) for Count
    inv_mpu.o(.text) refers to mpu6050.o(.text) for MPU_Write_Len
    inv_mpu.o(.text) refers to printf8.o(i.__0printf$8) for __2printf
    inv_mpu.o(.text) refers to delay.o(.text) for delay_ms
    inv_mpu.o(.text) refers to inv_mpu.o(.data) for st
    inv_mpu.o(.text) refers to ffltui.o(.text) for __aeabi_ui2f
    inv_mpu.o(.text) refers to fflti.o(.text) for __aeabi_i2f
    inv_mpu.o(.text) refers to fadd.o(.text) for __aeabi_fsub
    inv_mpu.o(.text) refers to fdiv.o(.text) for __aeabi_fdiv
    inv_mpu.o(.text) refers to fmul.o(.text) for __aeabi_fmul
    inv_mpu.o(.text) refers to ffixi.o(.text) for __aeabi_f2iz
    inv_mpu.o(.text) refers to cfcmple.o(.text) for __aeabi_cfcmpeq
    inv_mpu.o(.text) refers to cfrcmple.o(.text) for __aeabi_cfrcmple
    inv_mpu.o(.text) refers to inv_mpu.o(.constdata) for test
    inv_mpu.o(.text) refers to ldiv.o(.text) for __aeabi_ldivmod
    inv_mpu.o(.text) refers to memcmp.o(.text) for memcmp
    inv_mpu.o(.text) refers to inv_mpu_dmp_motion_driver.o(.text) for dmp_set_gyro_bias
    inv_mpu.o(.text) refers to mpuiic.o(.text) for MPU_IIC_Init
[...]
    ../fplib/microlib/fpmul.c                0x00000000   Number         0  fmul.o ABSOLUTE
    ../fplib/microlib/fpmul.c                0x00000000   Number         0  dmul.o ABSOLUTE
    ../fplib/microlib/fpscalb.c              0x00000000   Number         0  dscalb.o ABSOLUTE
    ../fplib/microlib/fpsqrt.c               0x00000000   Number         0  dsqrt.o ABSOLUTE
    ../mathlib/asin.c                        0x00000000   Number         0  asin.o ABSOLUTE
    ../mathlib/asin.c                        0x00000000   Number         0  asin_x.o ABSOLUTE
    ../mathlib/atan.c                        0x00000000   Number         0  atan_x.o ABSOLUTE
    ../mathlib/atan.c                        0x00000000   Number         0  atan.o ABSOLUTE
    ../mathlib/atan2.c                       0x00000000   Number         0  atan2_x.o ABSOLUTE
    ../mathlib/atan2.c                       0x00000000   Number         0  atan2.o ABSOLUTE
    ../mathlib/dunder.c                      0x00000000   Number         0  dunder.o ABSOLUTE
    ../mathlib/fpclassify.c                  0x00000000   Number         0  fpclassify.o ABSOLUTE
    ../mathlib/poly.c                        0x00000000   Number         0  poly.o ABSOLUTE
    ../mathlib/qnan.c                        0x00000000   Number         0  qnan.o ABSOLUTE
    ../mathlib/sqrt.c                        0x00000000   Number         0  sqrt_x.o ABSOLUTE
    ../mathlib/sqrt.c                        0x00000000   Number         0  sqrt.o ABSOLUTE
    ..\..\Libraries\CMSIS\core_cm3.c         0x00000000   Number         0  core_cm3.o ABSOLUTE
    ..\..\Libraries\CMSIS\startup\startup_stm32f10x_hd.s 0x00000000   Number         0  startup_stm32f10x_hd.o ABSOLUTE
    ..\..\Libraries\CMSIS\system_stm32f10x.c 0x00000000   Number         0  system_stm32f10x.o ABSOLUTE
    ..\..\Libraries\FWlib\src\misc.c         0x00000000   Number         0  misc.o ABSOLUTE
    ..\..\Libraries\FWlib\src\stm32f10x_adc.c 0x00000000   Number         0  stm32f10x_adc.o ABSOLUTE
    ..\..\Libraries\FWlib\src\stm32f10x_bkp.c 0x00000000   Number         0  stm32f10x_bkp.o ABSOLUTE
    ..\..\Libraries\FWlib\src\stm32f10x_can.c 0x00000000   Number         0  stm32f10x_can.o ABSOLUTE
    ..\..\Libraries\FWlib\src\stm32f10x_cec.c 0x00000000   Number         0  stm32f10x_cec.o ABSOLUTE
    ..\..\Libraries\FWlib\src\stm32f10x_crc.c 0x00000000   Number         0  stm32f10x_crc.o ABSOLUTE
    ..\..\Libraries\FWlib\src\stm32f10x_dac.c 0x00000000   Number         0  stm32f10x_dac.o ABSOLUTE
    ..\..\Libraries\FWlib\src\stm32f10x_dbgmcu.c 0x00000000   Number         0  stm32f10x_dbgmcu.o ABSOLUTE
    ..\..\Libraries\FWlib\src\stm32f10x_dma.c 0x00000000   Number         0  stm32f10x_dma.o ABSOLUTE
    ..\..\Libraries\FWlib\src\stm32f10x_exti.c 0x00000000   Number         0  stm32f10x_exti.o ABSOLUTE
    ..\..\Libraries\FWlib\src\stm32f10x_flash.c 0x00000000   Number         0  stm32f10x_flash.o ABSOLUTE
    ..\..\Libraries\FWlib\src\stm32f10x_fsmc.c 0x00000000   Number         0  stm32f10x_fsmc.o ABSOLUTE
    ..\..\Libraries\FWlib\src\stm32f10x_gpio.c 0x00000000   Number         0  stm32f10x_gpio.o ABSOLUTE
    ..\..\Libraries\FWlib\src\stm32f10x_i2c.c 0x00000000   Number         0  stm32f10x_i2c.o ABSOLUTE
    ..\..\Libraries\FWlib\src\stm32f10x_iwdg.c 0x00000000   Number         0  stm32f10x_iwdg.o ABSOLUTE
    ..\..\Libraries\FWlib\src\stm32f10x_pwr.c 0x00000000   Number         0  stm32f10x_pwr.o ABSOLUTE
    ..\..\Libraries\FWlib\src\stm32f10x_rcc.c 0x00000000   Number         0  stm32f10x_rcc.o ABSOLUTE
    ..\..\Libraries\FWlib\src\stm32f10x_rtc.c 0x00000000   Number         0  stm32f10x_rtc.o ABSOLUTE
    ..\..\Libraries\FWlib\src\stm32f10x_sdio.c 0x00000000   Number         0  stm32f10x_sdio.o ABSOLUTE
    ..\..\Libraries\FWlib\src\stm32f10x_spi.c 0x00000000   Number         0  stm32f10x_spi.o ABSOLUTE
    ..\..\Libraries\FWlib\src\stm32f10x_tim.c 0x00000000   Number         0  stm32f10x_tim.o ABSOLUTE
    ..\..\Libraries\FWlib\src\stm32f10x_usart.c 0x00000000   Number         0  stm32f10x_usart.o ABSOLUTE
    ..\..\Libraries\FWlib\src\stm32f10x_wwdg.c 0x00000000   Number         0  stm32f10x_wwdg.o ABSOLUTE
    ..\..\User\MPU6050\inv_mpu.c             0x00000000   Number         0  inv_mpu.o ABSOLUTE
    ..\..\User\MPU6050\inv_mpu_dmp_motion_driver.c 0x00000000   Number         0  inv_mpu_dmp_motion_driver.o ABSOLUTE
    ..\..\User\MPU6050\mpu6050.c             0x00000000   Number         0  mpu6050.o ABSOLUTE
    ..\..\User\MPU6050\mpuiic.c              0x00000000   Number         0  mpuiic.o ABSOLUTE
    ..\..\User\MPU6050\sys.c                 0x00000000   Number         0  sys.o ABSOLUTE
    ..\..\User\adc\bsp_adc.c                 0x00000000   Number         0  bsp_adc.o ABSOLUTE
    ..\..\User\contral\contral.c             0x00000000   Number         0  contral.o ABSOLUTE
    ..\..\User\delay\delay.c                 0x00000000   Number         0  delay.o ABSOLUTE
    ..\..\User\encoder\bsp_encoder.c         0x00000000   Number         0  bsp_encoder.o ABSOLUTE
    ..\..\User\init\init.c                   0x00000000   Number         0  init.o ABSOLUTE
    ..\..\User\main.c                        0x00000000   Number         0  main.o ABSOLUTE
    ..\..\User\motor\bsp_motor.c             0x00000000   Number         0  bsp_motor.o ABSOLUTE
    ..\..\User\oled\bsp_oled.c               0x00000000   Number         0  bsp_oled.o ABSOLUTE
    ..\..\User\pwm\bsp_pwm.c                 0x00000000   Number         0  bsp_pwm.o ABSOLUTE
    ..\..\User\stm32f10x_it.c                0x00000000   Number         0  stm32f10x_it.o ABSOLUTE
    ..\..\User\timer\timer.c                 0x00000000   Number         0  timer.o ABSOLUTE
    ..\..\User\usart\bsp_usart.c             0x00000000   Number         0  bsp_usart.o ABSOLUTE
    ..\\..\\Libraries\\CMSIS\\core_cm3.c     0x00000000   Number         0  core_cm3.o ABSOLUTE
    cdcmple.s                                0x00000000   Number         0  cdcmple.o ABSOLUTE
    cdrcmple.s                               0x00000000   Number         0  cdrcmple.o ABSOLUTE
    cfcmple.s                                0x00000000   Number         0  cfcmple.o ABSOLUTE
    cfrcmple.s                               0x00000000   Number         0  cfrcmple.o ABSOLUTE
    dc.s                                     0x00000000   Number         0  dc.o ABSOLUTE
    handlers.s                               0x00000000   Number         0  handlers.o ABSOLUTE
    init.s                                   0x00000000   Number         0  init.o ABSOLUTE
    RESET                                    0x08000000   Section      304  startup_stm32f10x_hd.o(RESET)
    .ARM.Collect$$$$00000000                 0x08000130   Section        0  entry.o(.ARM.Collect$$$$00000000)
    .ARM.Collect$$$$00000001                 0x08000130   Section        4  entry2.o(.ARM.Collect$$$$00000001)
    .ARM.Collect$$$$00000004                 0x08000134   Section        4  entry5.o(.ARM.Collect$$$$00000004)
    .ARM.Collect$$$$00000008                 0x08000138   Section        0  entry7b.o(.ARM.Collect$$$$00000008)
    .ARM.Collect$$$$0000000A                 0x08000138   Section        0  entry8b.o(.ARM.Collect$$$$0000000A)
    .ARM.Collect$$$$0000000B                 0x08000138   Section        8  entry9a.o(.ARM.Collect$$$$0000000B)
    .ARM.Collect$$$$0000000E                 0x08000140   Section        4  entry12b.o(.ARM.Collect$$$$0000000E)
    .ARM.Collect$$$$0000000F                 0x08000144   Section        0  entry10a.o(.ARM.Collect$$$$0000000F)
    .ARM.Collect$$$$00000011                 0x08000144   Section        0  entry11a.o(.ARM.Collect$$$$00000011)
    .ARM.Collect$$$$00002712                 0x08000144   Section        4  entry2.o(.ARM.Collect$$$$00002712)
    __lit__00000000                          0x08000144   Data           4  entry2.o(.ARM.Collect$$$$00002712)
    .text                                    0x08000148   Section       36  startup_stm32f10x_hd.o(.text)
    .text                                    0x0800016c   Section        0  system_stm32f10x.o(.text)
    SetSysClockTo72                          0x0800016d   Thumb Code   214  system_stm32f10x.o(.text)
    SetSysClock                              0x08000243   Thumb Code     8  system_stm32f10x.o(.text)
    .text                                    0x0800034c   Section        0  misc.o(.text)
    .text                                    0x08000428   Section        0  stm32f10x_gpio.o(.text)
    .text                                    0x08000784   Section        0  stm32f10x_rcc.o(.text)
    .text                                    0x08000b28   Section        0  stm32f10x_tim.o(.text)
    TI4_Config                               0x08000fcf   Thumb Code   130  stm32f10x_tim.o(.text)
    TI3_Config                               0x08001063   Thumb Code   122  stm32f10x_tim.o(.text)
    TI2_Config                               0x080010f7   Thumb Code   130  stm32f10x_tim.o(.text)
    TI1_Config                               0x0800118b   Thumb Code   108  stm32f10x_tim.o(.text)
    .text                                    0x08001944   Section        0  stm32f10x_usart.o(.text)
    .text                                    0x08001d4c   Section        0  main.o(.text)
    .text                                    0x08001d54   Section        0  bsp_motor.o(.text)
    .text                                    0x08001d84   Section        0  bsp_pwm.o(.text)
    .text                                    0x08001e24   Section        0  init.o(.text)
    .text                                    0x08001ee8   Section        0  bsp_usart.o(.text)
    .text                                    0x08001f54   Section        0  bsp_oled.o(.text)
    .text                                    0x080023c8   Section        0  bsp_encoder.o(.text)
    .text                                    0x08002530   Section        0  stm32f10x_it.o(.text)
    .text                                    0x08002590   Section        0  inv_mpu.o(.text)
    set_int_enable                           0x08002591   Thumb Code   138  inv_mpu.o(.text)
    get_accel_prod_shift                     0x080037a1   Thumb Code   168  inv_mpu.o(.text)
    accel_self_test                          0x08003849   Thumb Code   164  inv_mpu.o(.text)
    gyro_self_test                           0x080038ed   Thumb Code   280  inv_mpu.o(.text)
    get_st_biases                            0x08003a05   Thumb Code  1134  inv_mpu.o(.text)
    .text                                    0x080047bc   Section        0  inv_mpu_dmp_motion_driver.o(.text)
    decode_gesture                           0x08005271   Thumb Code    94  inv_mpu_dmp_motion_driver.o(.text)
    .text                                    0x0800552c   Section        0  mpu6050.o(.text)
    .text                                    0x08005894   Section        0  mpuiic.o(.text)
    .text                                    0x08005b00   Section        0  contral.o(.text)
    .text                                    0x08006078   Section        0  timer.o(.text)
    .text                                    0x080060f0   Section        0  delay.o(.text)
    .text                                    0x080061c4   Section        0  ldiv.o(.text)
    .text                                    0x08006226   Section        0  memseta.o(.text)
    .text                                    0x0800624a   Section        0  memcmp.o(.text)
    .text                                    0x08006264   Section        0  fadd.o(.text)
    .text                                    0x08006314   Section        0  fmul.o(.text)
    .text                                    0x08006378   Section        0  fdiv.o(.text)
    .text                                    0x080063f4   Section        0  dadd.o(.text)
    .text                                    0x08006542   Section        0  dmul.o(.text)
    .text                                    0x08006626   Section        0  ddiv.o(.text)
    .text                                    0x08006704   Section        0  fflti.o(.text)
    .text                                    0x08006716   Section        0  ffltui.o(.text)
    .text                                    0x08006720   Section        0  dflti.o(.text)
    .text                                    0x08006742   Section        0  ffixi.o(.text)
    .text                                    0x08006774   Section        0  ffixui.o(.text)
    .text                                    0x0800679c   Section        0  f2d.o(.text)
    .text                                    0x080067c2   Section        0  d2f.o(.text)
    .text                                    0x080067fc   Section       20  cfcmple.o(.text)
    .text                                    0x08006810   Section       20  cfrcmple.o(.text)
    .text                                    0x08006824   Section        0  uldiv.o(.text)
    .text                                    0x08006886   Section        0  llshl.o(.text)
    .text                                    0x080068a4   Section        0  llsshr.o(.text)
    .text                                    0x080068c8   Section        0  fepilogue.o(.text)
    .text                                    0x080068c8   Section        0  iusefp.o(.text)
    .text                                    0x08006936   Section        0  depilogue.o(.text)
    .text                                    0x080069f0   Section        0  dscalb.o(.text)
    .text                                    0x08006a20   Section       48  cdcmple.o(.text)
    .text                                    0x08006a50   Section       36  init.o(.text)
    .text                                    0x08006a74   Section        0  llushr.o(.text)
    .text                                    0x08006a74   Section        0  semi.o(.text)
    .text                                    0x08006a94   Section        0  dsqrt.o(.text)
    .text                                    0x08006a94   Section        0  iusesemip.o(.text)
    i.__0printf$8                            0x08006b38   Section        0  printf8.o(i.__0printf$8)
    i.__ARM_fpclassify                       0x08006b58   Section        0  fpclassify.o(i.__ARM_fpclassify)
    i.__kernel_poly                          0x08006b80   Section        0  poly.o(i.__kernel_poly)
    i.__mathlib_dbl_infnan                   0x08006c2a   Section        0  dunder.o(i.__mathlib_dbl_infnan)
    i.__mathlib_dbl_infnan2                  0x08006c30   Section        0  dunder.o(i.__mathlib_dbl_infnan2)
    i.__mathlib_dbl_invalid                  0x08006c34   Section        0  dunder.o(i.__mathlib_dbl_invalid)
    i.__mathlib_dbl_underflow                0x08006c40   Section        0  dunder.o(i.__mathlib_dbl_underflow)
    i.__scatterload_copy                     0x08006c50   Section       14  handlers.o(i.__scatterload_copy)
    i.__scatterload_null                     0x08006c5e   Section        2  handlers.o(i.__scatterload_null)
    i.__scatterload_zeroinit                 0x08006c60   Section       14  handlers.o(i.__scatterload_zeroinit)
    i.__set_errno                            0x08006c70   Section        0  errno.o(i.__set_errno)
    i._printf_core                           0x08006c7c   Section        0  printf8.o(i._printf_core)
    _printf_core                             0x08006c7d   Thumb Code   984  printf8.o(i._printf_core)
    i._printf_post_padding                   0x08007080   Section        0  printf8.o(i._printf_post_padding)
    _printf_post_padding                     0x08007081   Thumb Code    36  printf8.o(i._printf_post_padding)
    i._printf_pre_padding                    0x080070a4   Section        0  printf8.o(i._printf_pre_padding)
    _printf_pre_padding                      0x080070a5   Thumb Code    46  printf8.o(i._printf_pre_padding)
    i.asin                                   0x080070d4   Section        0  asin.o(i.asin)
    i.atan                                   0x08007344   Section        0  atan.o(i.atan)
    i.atan2                                  0x08007564   Section        0  atan2.o(i.atan2)
    i.fputc                                  0x08007700   Section        0  fputc.o(i.fputc)
    i.sqrt                                   0x08007712   Section        0  sqrt.o(i.sqrt)
    .constdata                               0x0800775e   Section     1520  bsp_oled.o(.constdata)
    .constdata                               0x08007d50   Section       80  inv_mpu.o(.constdata)
    .constdata                               0x08007da0   Section     3062  inv_mpu_dmp_motion_driver.o(.constdata)
    dmp_memory                               0x08007da0   Data        3062  inv_mpu_dmp_motion_driver.o(.constdata)
    .constdata                               0x08008998   Section       80  asin.o(.constdata)
    pS                                       0x08008998   Data          48  asin.o(.constdata)
    qS                                       0x080089c8   Data          32  asin.o(.constdata)
    .constdata                               0x080089e8   Section      152  atan.o(.constdata)
    atanhi                                   0x080089e8   Data          32  atan.o(.constdata)
    atanlo                                   0x08008a08   Data          32  atan.o(.constdata)
    aTodd                                    0x08008a28   Data          40  atan.o(.constdata)
    aTeven                                   0x08008a50   Data          48  atan.o(.constdata)
    .constdata                               0x08008a80   Section        8  qnan.o(.constdata)
    .data                                    0x20000000   Section       20  system_stm32f10x.o(.data)
    .data                                    0x20000014   Section       20  stm32f10x_rcc.o(.data)
    APBAHBPrescTable                         0x20000014   Data          16  stm32f10x_rcc.o(.data)
    ADCPrescTable                            0x20000024   Data           4  stm32f10x_rcc.o(.data)
    .data                                    0x20000028   Section        4  stm32f10x_it.o(.data)
    .data                                    0x2000002c   Section       53  inv_mpu.o(.data)
    st                                       0x2000002c   Data          44  inv_mpu.o(.data)
    gyro_orientation                         0x20000058   Data           9  inv_mpu.o(.data)
    .data                                    0x20000068   Section      172  contral.o(.data)
    Encoder_S                                0x200000ec   Data           4  contral.o(.data)
    EnC_Err_Lowout_last                      0x200000f0   Data           4  contral.o(.data)
    PWM_out2                                 0x200000f4   Data           4  contral.o(.data)
    Encoder_Err                              0x200000f8   Data           4  contral.o(.data)
    EnC_Err_Lowout                           0x200000fc   Data           4  contral.o(.data)
    Encoder_S                                0x20000100   Data           4  contral.o(.data)
    EnC_Err_Lowout_last                      0x20000104   Data           4  contral.o(.data)
    PWM_out2                                 0x20000108   Data           4  contral.o(.data)
    Encoder_Err                              0x2000010c   Data           4  contral.o(.data)
    EnC_Err_Lowout                           0x20000110   Data           4  contral.o(.data)
    .data                                    0x20000114   Section        4  delay.o(.data)
    fac_us                                   0x20000114   Data           1  delay.o(.data)
    fac_ms                                   0x20000116   Data           2  delay.o(.data)
    .data                                    0x20000118   Section        4  stdout.o(.data)
    .data                                    0x2000011c   Section        4  errno.o(.data)
    _errno                                   0x2000011c   Data           4  errno.o(.data)
    .bss                                     0x20000120   Section       16  inv_mpu_dmp_motion_driver.o(.bss)
    dmp                                      0x20000120   Data          16  inv_mpu_dmp_motion_driver.o(.bss)
    STACK                                    0x20000130   Section     1024  startup_stm32f10x_hd.o(STACK)

    Global Symbols

    Symbol Name                              Value     Ov Type        Size  Object(Section)

    BuildAttributes$$THM_ISAv4$P$D$K$B$S$PE$A:L22UL41UL21$X:L11$S22US41US21$IEEE1$IW$USESV6$~STKCKD$USESV7$~SHL$OTIME$ROPI$IEEEX$EBA8$MICROLIB$REQ8$PRES8$EABIv2 0x00000000   Number         0  anon$$obj.o ABSOLUTE
    __ARM_use_no_argv                        0x00000000   Number         0  main.o ABSOLUTE
    _printf_a                                0x00000000   Number         0  stubs.o ABSOLUTE
    _printf_c                                0x00000000   Number         0  stubs.o ABSOLUTE
    _printf_charcount                        0x00000000   Number         0  stubs.o ABSOLUTE
    _printf_d                                0x00000000   Number         0  stubs.o ABSOLUTE
    _printf_e                                0x00000000   Number         0  stubs.o ABSOLUTE
    _printf_f                                0x00000000   Number         0  stubs.o ABSOLUTE
    _printf_flags                            0x00000000   Number         0  stubs.o ABSOLUTE
    _printf_fp_dec                           0x00000000   Number         0  stubs.o ABSOLUTE
    _printf_fp_hex                           0x00000000   Number         0  stubs.o ABSOLUTE
    _printf_g                                0x00000000   Number         0  stubs.o ABSOLUTE
    _printf_i                                0x00000000   Number         0  stubs.o ABSOLUTE
    _printf_int_dec                          0x00000000   Number         0  stubs.o ABSOLUTE
    _printf_l                                0x00000000   Number         0  stubs.o ABSOLUTE
    _printf_lc                               0x00000000   Number         0  stubs.o ABSOLUTE
    _printf_ll                               0x00000000   Number         0  stubs.o ABSOLUTE
    _printf_lld                              0x00000000   Number         0  stubs.o ABSOLUTE
    _printf_lli                              0x00000000   Number         0  stubs.o ABSOLUTE
    _printf_llo                              0x00000000   Number         0  stubs.o ABSOLUTE
    _printf_llu                              0x00000000   Number         0  stubs.o ABSOLUTE
    _printf_llx                              0x00000000   Number         0  stubs.o ABSOLUTE
    _printf_longlong_dec                     0x00000000   Number         0  stubs.o ABSOLUTE
    _printf_longlong_hex                     0x00000000   Number         0  stubs.o ABSOLUTE
    _printf_longlong_oct                     0x00000000   Number         0  stubs.o ABSOLUTE
    _printf_ls                               0x00000000   Number         0  stubs.o ABSOLUTE
    _printf_mbtowc                           0x00000000   Number         0  stubs.o ABSOLUTE
    _printf_n                                0x00000000   Number         0  stubs.o ABSOLUTE
    _printf_o                                0x00000000   Number         0  stubs.o ABSOLUTE
    _printf_p                                0x00000000   Number         0  stubs.o ABSOLUTE
    _printf_percent                          0x00000000   Number         0  stubs.o ABSOLUTE
    _printf_pre_padding                      0x00000000   Number         0  stubs.o ABSOLUTE
    _printf_return_value                     0x00000000   Number         0  stubs.o ABSOLUTE
    _printf_s                                0x00000000   Number         0  stubs.o ABSOLUTE
    _printf_sizespec                         0x00000000   Number         0  stubs.o ABSOLUTE
    _printf_str                              0x00000000   Number         0  stubs.o ABSOLUTE
    _printf_truncate_signed                  0x00000000   Number         0  stubs.o ABSOLUTE
    _printf_truncate_unsigned                0x00000000   Number         0  stubs.o ABSOLUTE
    _printf_u                                0x00000000   Number         0  stubs.o ABSOLUTE
    _printf_wc                               0x00000000   Number         0  stubs.o ABSOLUTE
    _printf_wctomb                           0x00000000   Number         0  stubs.o ABSOLUTE
    _printf_widthprec                        0x00000000   Number         0  stubs.o ABSOLUTE
    _printf_x                                0x00000000   Number         0  stubs.o ABSOLUTE
    __arm_fini_                               - Undefined Weak Reference
    __cpp_initialize__aeabi_                  - Undefined Weak Reference
    __cxa_finalize                            - Undefined Weak Reference
    __decompress                              - Undefined Weak Reference
    _clock_init                               - Undefined Weak Reference
    _microlib_exit                            - Undefined Weak Reference
    __Vectors_Size                           0x00000130   Number         0  startup_stm32f10x_hd.o ABSOLUTE
    __Vectors                                0x08000000   Data           4  startup_stm32f10x_hd.o(RESET)
    __Vectors_End                            0x08000130   Data           0  startup_stm32f10x_hd.o(RESET)
    __main                                   0x08000131   Thumb Code     0  entry.o(.ARM.Collect$$$$00000000)
    _main_stk                                0x08000131   Thumb Code     0  entry2.o(.ARM.Collect$$$$00000001)
    _main_scatterload                        0x08000135   Thumb Code     0  entry5.o(.ARM.Collect$$$$00000004)
    __main_after_scatterload                 0x08000139   Thumb Code     0  entry5.o(.ARM.Collect$$$$00000004)
    _main_clock                              0x08000139   Thumb Code     0  entry7b.o(.ARM.Collect$$$$00000008)
    _main_cpp_init                           0x08000139   Thumb Code     0  entry8b.o(.ARM.Collect$$$$0000000A)
    _main_init                               0x08000139   Thumb Code     0  entry9a.o(.ARM.Collect$$$$0000000B)
    __rt_lib_shutdown_fini                   0x08000141   Thumb Code     0  entry12b.o(.ARM.Collect$$$$0000000E)
    __rt_final_cpp                           0x08000145   Thumb Code     0  entry10a.o(.ARM.Collect$$$$0000000F)
    __rt_final_exit                          0x08000145   Thumb Code     0  entry11a.o(.ARM.Collect$$$$00000011)
    Reset_Handler                            0x08000149   Thumb Code     8  startup_stm32f10x_hd.o(.text)
    ADC1_2_IRQHandler                        0x08000163   Thumb Code     0  startup_stm32f10x_hd.o(.text)
    ADC3_IRQHandler                          0x08000163   Thumb Code     0  startup_stm32f10x_hd.o(.text)
    CAN1_RX1_IRQHandler                      0x08000163   Thumb Code     0  startup_stm32f10x_hd.o(.text)
    CAN1_SCE_IRQHandler                      0x08000163   Thumb Code     0  startup_stm32f10x_hd.o(.text)
    DMA1_Channel1_IRQHandler                 0x08000163   Thumb Code     0  startup_stm32f10x_hd.o(.text)
    DMA1_Channel2_IRQHandler                 0x08000163   Thumb Code     0  startup_stm32f10x_hd.o(.text)
    DMA1_Channel3_IRQHandler                 0x08000163   Thumb Code     0  startup_stm32f10x_hd.o(.text)
    DMA1_Channel4_IRQHandler                 0x08000163   Thumb Code     0  startup_stm32f10x_hd.o(.text)
    DMA1_Channel5_IRQHandler                 0x08000163   Thumb Code     0  startup_stm32f10x_hd.o(.text)
    DMA1_Channel6_IRQHandler                 0x08000163   Thumb Code     0  startup_stm32f10x_hd.o(.text)
    DMA1_Channel7_IRQHandler                 0x08000163   Thumb Code     0  startup_stm32f10x_hd.o(.text)
    DMA2_Channel1_IRQHandler                 0x08000163   Thumb Code     0  startup_stm32f10x_hd.o(.text)
    DMA2_Channel2_IRQHandler                 0x08000163   Thumb Code     0  startup_stm32f10x_hd.o(.text)
    DMA2_Channel3_IRQHandler                 0x08000163   Thumb Code     0  startup_stm32f10x_hd.o(.text)
    DMA2_Channel4_5_IRQHandler               0x08000163   Thumb Code     0  startup_stm32f10x_hd.o(.text)
    EXTI0_IRQHandler                         0x08000163   Thumb Code     0  startup_stm32f10x_hd.o(.text)
    EXTI15_10_IRQHandler                     0x08000163   Thumb Code     0  startup_stm32f10x_hd.o(.text)
    EXTI1_IRQHandler                         0x08000163   Thumb Code     0  startup_stm32f10x_hd.o(.text)
    EXTI2_IRQHandler                         0x08000163   Thumb Code     0  startup_stm32f10x_hd.o(.text)
    EXTI3_IRQHandler                         0x08000163   Thumb Code     0  startup_stm32f10x_hd.o(.text)
    EXTI4_IRQHandler                         0x08000163   Thumb Code     0  startup_stm32f10x_hd.o(.text)
    EXTI9_5_IRQHandler                       0x08000163   Thumb Code     0  startup_stm32f10x_hd.o(.text)
    FLASH_IRQHandler                         0x08000163   Thumb Code     0  startup_stm32f10x_hd.o(.text)
    FSMC_IRQHandler                          0x08000163   Thumb Code     0  startup_stm32f10x_hd.o(.text)
    I2C1_ER_IRQHandler                       0x08000163   Thumb Code     0  startup_stm32f10x_hd.o(.text)
    I2C1_EV_IRQHandler                       0x08000163   Thumb Code     0  startup_stm32f10x_hd.o(.text)
    I2C2_ER_IRQHandler                       0x08000163   Thumb Code     0  startup_stm32f10x_hd.o(.text)
    I2C2_EV_IRQHandler                       0x08000163   Thumb Code     0  startup_stm32f10x_hd.o(.text)
    PVD_IRQHandler                           0x08000163   Thumb Code     0  startup_stm32f10x_hd.o(.text)
    RCC_IRQHandler                           0x08000163   Thumb Code     0  startup_stm32f10x_hd.o(.text)
    RTCAlarm_IRQHandler                      0x08000163   Thumb Code     0  startup_stm32f10x_hd.o(.text)
    RTC_IRQHandler                           0x08000163   Thumb Code     0  startup_stm32f10x_hd.o(.text)
    SDIO_IRQHandler                          0x08000163   Thumb Code     0  startup_stm32f10x_hd.o(.text)
    SPI1_IRQHandler                          0x08000163   Thumb Code     0  startup_stm32f10x_hd.o(.text)
    SPI2_IRQHandler                          0x08000163   Thumb Code     0  startup_stm32f10x_hd.o(.text)
    SPI3_IRQHandler                          0x08000163   Thumb Code     0  startup_stm32f10x_hd.o(.text)
    TAMPER_IRQHandler                        0x08000163   Thumb Code     0  startup_stm32f10x_hd.o(.text)
    TIM1_BRK_IRQHandler                      0x08000163   Thumb Code     0  startup_stm32f10x_hd.o(.text)
    TIM1_CC_IRQHandler                       0x08000163   Thumb Code     0  startup_stm32f10x_hd.o(.text)
    TIM1_TRG_COM_IRQHandler                  0x08000163   Thumb Code     0  startup_stm32f10x_hd.o(.text)
    TIM2_IRQHandler                          0x08000163   Thumb Code     0  startup_stm32f10x_hd.o(.text)
    TIM5_IRQHandler                          0x08000163   Thumb Code     0  startup_stm32f10x_hd.o(.text)
    TIM6_IRQHandler                          0x08000163   Thumb Code     0  startup_stm32f10x_hd.o(.text)
    TIM7_IRQHandler                          0x08000163   Thumb Code     0  startup_stm32f10x_hd.o(.text)
    TIM8_BRK_IRQHandler                      0x08000163   Thumb Code     0  startup_stm32f10x_hd.o(.text)
    TIM8_CC_IRQHandler                       0x08000163   Thumb Code     0  startup_stm32f10x_hd.o(.text)
    TIM8_TRG_COM_IRQHandler                  0x08000163   Thumb Code     0  startup_stm32f10x_hd.o(.text)
    TIM8_UP_IRQHandler                       0x08000163   Thumb Code     0  startup_stm32f10x_hd.o(.text)
    UART4_IRQHandler                         0x08000163   Thumb Code     0  startup_stm32f10x_hd.o(.text)
    UART5_IRQHandler                         0x08000163   Thumb Code     0  startup_stm32f10x_hd.o(.text)
    USART1_IRQHandler                        0x08000163   Thumb Code     0  startup_stm32f10x_hd.o(.text)
    USART2_IRQHandler                        0x08000163   Thumb Code     0  startup_stm32f10x_hd.o(.text)
    USART3_IRQHandler                        0x08000163   Thumb Code     0  startup_stm32f10x_hd.o(.text)
    USBWakeUp_IRQHandler                     0x08000163   Thumb Code     0  startup_stm32f10x_hd.o(.text)
    USB_HP_CAN1_TX_IRQHandler                0x08000163   Thumb Code     0  startup_stm32f10x_hd.o(.text)
    USB_LP_CAN1_RX0_IRQHandler               0x08000163   Thumb Code     0  startup_stm32f10x_hd.o(.text)
    WWDG_IRQHandler                          0x08000163   Thumb Code     0  startup_stm32f10x_hd.o(.text)
    SystemInit                               0x0800024b   Thumb Code    78  system_stm32f10x.o(.text)
    SystemCoreClockUpdate                    0x08000299   Thumb Code   142  system_stm32f10x.o(.text)
    NVIC_PriorityGroupConfig                 0x0800034d   Thumb Code    10  misc.o(.text)
    NVIC_Init                                0x08000357   Thumb Code   100  misc.o(.text)
    NVIC_SetVectorTable                      0x080003bb   Thumb Code    14  misc.o(.text)
    NVIC_SystemLPConfig                      0x080003c9   Thumb Code    34  misc.o(.text)
    SysTick_CLKSourceConfig                  0x080003eb   Thumb Code    40  misc.o(.text)
    GPIO_DeInit                              0x08000429   Thumb Code   172  stm32f10x_gpio.o(.text)
    GPIO_AFIODeInit                          0x080004d5   Thumb Code    20  stm32f10x_gpio.o(.text)
    GPIO_Init                                0x080004e9   Thumb Code   278  stm32f10x_gpio.o(.text)
    GPIO_StructInit                          0x080005ff   Thumb Code    16  stm32f10x_gpio.o(.text)
    GPIO_ReadInputDataBit                    0x0800060f   Thumb Code    18  stm32f10x_gpio.o(.text)
    GPIO_ReadInputData                       0x08000621   Thumb Code     8  stm32f10x_gpio.o(.text)
    GPIO_ReadOutputDataBit                   0x08000629   Thumb Code    18  stm32f10x_gpio.o(.text)
    GPIO_ReadOutputData                      0x0800063b   Thumb Code     8  stm32f10x_gpio.o(.text)
    GPIO_SetBits                             0x08000643   Thumb Code     4  stm32f10x_gpio.o(.text)
    GPIO_ResetBits                           0x08000647   Thumb Code     4  stm32f10x_gpio.o(.text)
    GPIO_WriteBit                            0x0800064b   Thumb Code    10  stm32f10x_gpio.o(.text)
    GPIO_Write                               0x08000655   Thumb Code     4  stm32f10x_gpio.o(.text)
    GPIO_PinLockConfig                       0x08000659   Thumb Code    18  stm32f10x_gpio.o(.text)
    GPIO_EventOutputConfig                   0x0800066b   Thumb Code    26  stm32f10x_gpio.o(.text)
    GPIO_EventOutputCmd                      0x08000685   Thumb Code     6  stm32f10x_gpio.o(.text)
    GPIO_PinRemapConfig                      0x0800068b   Thumb Code   138  stm32f10x_gpio.o(.text)
    GPIO_EXTILineConfig                      0x08000715   Thumb Code    66  stm32f10x_gpio.o(.text)
    GPIO_ETH_MediaInterfaceConfig            0x08000757   Thumb Code     8  stm32f10x_gpio.o(.text)
    RCC_DeInit                               0x08000785   Thumb Code    64  stm32f10x_rcc.o(.text)
    RCC_HSEConfig                            0x080007c5   Thumb Code    70  stm32f10x_rcc.o(.text)
    RCC_GetFlagStatus                        0x0800080b   Thumb Code    56  stm32f10x_rcc.o(.text)
    RCC_WaitForHSEStartUp                    0x08000843   Thumb Code    56  stm32f10x_rcc.o(.text)
    RCC_AdjustHSICalibrationValue            0x0800087b   Thumb Code    20  stm32f10x_rcc.o(.text)
    RCC_HSICmd                               0x0800088f   Thumb Code     6  stm32f10x_rcc.o(.text)
    RCC_PLLConfig                            0x08000895   Thumb Code    24  stm32f10x_rcc.o(.text)
    RCC_PLLCmd                               0x080008ad   Thumb Code     6  stm32f10x_rcc.o(.text)
    RCC_SYSCLKConfig                         0x080008b3   Thumb Code    18  stm32f10x_rcc.o(.text)
    RCC_GetSYSCLKSource                      0x080008c5   Thumb Code    10  stm32f10x_rcc.o(.text)
    RCC_HCLKConfig                           0x080008cf   Thumb Code    18  stm32f10x_rcc.o(.text)
    RCC_PCLK1Config                          0x080008e1   Thumb Code    18  stm32f10x_rcc.o(.text)
    RCC_PCLK2Config                          0x080008f3   Thumb Code    20  stm32f10x_rcc.o(.text)
    RCC_ITConfig                             0x08000907   Thumb Code    26  stm32f10x_rcc.o(.text)
    RCC_USBCLKConfig                         0x08000921   Thumb Code     8  stm32f10x_rcc.o(.text)
    RCC_ADCCLKConfig                         0x08000929   Thumb Code    18  stm32f10x_rcc.o(.text)
    RCC_LSEConfig                            0x0800093b   Thumb Code    50  stm32f10x_rcc.o(.text)
    RCC_LSICmd                               0x0800096d   Thumb Code     6  stm32f10x_rcc.o(.text)
    RCC_RTCCLKConfig                         0x08000973   Thumb Code    12  stm32f10x_rcc.o(.text)
    RCC_RTCCLKCmd                            0x0800097f   Thumb Code     8  stm32f10x_rcc.o(.text)
    RCC_GetClocksFreq                        0x08000987   Thumb Code   192  stm32f10x_rcc.o(.text)
    RCC_AHBPeriphClockCmd                    0x08000a47   Thumb Code    26  stm32f10x_rcc.o(.text)
    RCC_APB2PeriphClockCmd                   0x08000a61   Thumb Code    26  stm32f10x_rcc.o(.text)
    RCC_APB1PeriphClockCmd                   0x08000a7b   Thumb Code    26  stm32f10x_rcc.o(.text)
    RCC_APB2PeriphResetCmd                   0x08000a95   Thumb Code    26  stm32f10x_rcc.o(.text)
    RCC_APB1PeriphResetCmd                   0x08000aaf   Thumb Code    26  stm32f10x_rcc.o(.text)
    RCC_BackupResetCmd                       0x08000ac9   Thumb Code     8  stm32f10x_rcc.o(.text)
    RCC_ClockSecuritySystemCmd               0x08000ad1   Thumb Code     6  stm32f10x_rcc.o(.text)
    RCC_MCOConfig                            0x08000ad7   Thumb Code     6  stm32f10x_rcc.o(.text)
    RCC_ClearFlag                            0x08000add   Thumb Code    14  stm32f10x_rcc.o(.text)
    RCC_GetITStatus                          0x08000aeb   Thumb Code    20  stm32f10x_rcc.o(.text)
    RCC_ClearITPendingBit                    0x08000aff   Thumb Code     6  stm32f10x_rcc.o(.text)
    TIM_DeInit                               0x08000b29   Thumb Code   424  stm32f10x_tim.o(.text)
    TIM_TimeBaseInit                         0x08000cd1   Thumb Code   122  stm32f10x_tim.o(.text)
    TIM_OC1Init                              0x08000d4b   Thumb Code   132  stm32f10x_tim.o(.text)
    TIM_OC2Init                              0x08000dcf   Thumb Code   154  stm32f10x_tim.o(.text)
    TIM_OC3Init                              0x08000e69   Thumb Code   150  stm32f10x_tim.o(.text)
    TIM_OC4Init                              0x08000eff   Thumb Code   182  stm32f10x_tim.o(.text)
    TIM_SetIC4Prescaler                      0x08000fb5   Thumb Code    26  stm32f10x_tim.o(.text)
    TIM_SetIC3Prescaler                      0x08001051   Thumb Code    18  stm32f10x_tim.o(.text)
    TIM_SetIC2Prescaler                      0x080010dd   Thumb Code    26  stm32f10x_tim.o(.text)
    TIM_SetIC1Prescaler                      0x08001179   Thumb Code    18  stm32f10x_tim.o(.text)
    TIM_ICInit                               0x080011f7   Thumb Code   150  stm32f10x_tim.o(.text)
    TIM_PWMIConfig                           0x0800128d   Thumb Code   124  stm32f10x_tim.o(.text)
    TIM_BDTRConfig                           0x08001309   Thumb Code    32  stm32f10x_tim.o(.text)
    TIM_TimeBaseStructInit                   0x08001329   Thumb Code    18  stm32f10x_tim.o(.text)
    TIM_OCStructInit                         0x0800133b   Thumb Code    20  stm32f10x_tim.o(.text)
    TIM_ICStructInit                         0x0800134f   Thumb Code    18  stm32f10x_tim.o(.text)
    TIM_BDTRStructInit                       0x08001361   Thumb Code    40  stm32f10x_tim.o(.text)
    TIM_Cmd                                  0x08001389   Thumb Code    24  stm32f10x_tim.o(.text)
    TIM_CtrlPWMOutputs                       0x080013a1   Thumb Code    30  stm32f10x_tim.o(.text)
    TIM_ITConfig                             0x080013bf   Thumb Code    18  stm32f10x_tim.o(.text)
    TIM_GenerateEvent                        0x080013d1   Thumb Code     4  stm32f10x_tim.o(.text)
    TIM_DMAConfig                            0x080013d5   Thumb Code    10  stm32f10x_tim.o(.text)
    TIM_DMACmd                               0x080013df   Thumb Code    18  stm32f10x_tim.o(.text)
    TIM_InternalClockConfig                  0x080013f1   Thumb Code    12  stm32f10x_tim.o(.text)
    TIM_SelectInputTrigger                   0x080013fd   Thumb Code    18  stm32f10x_tim.o(.text)
    TIM_ITRxExternalClockConfig              0x0800140f   Thumb Code    24  stm32f10x_tim.o(.text)
    TIM_TIxExternalClockConfig               0x08001427   Thumb Code    62  stm32f10x_tim.o(.text)
    TIM_ETRConfig                            0x08001465   Thumb Code    28  stm32f10x_tim.o(.text)
    TIM_ETRClockMode1Config                  0x08001481   Thumb Code    54  stm32f10x_tim.o(.text)
    TIM_ETRClockMode2Config                  0x080014b7   Thumb Code    32  stm32f10x_tim.o(.text)
    TIM_PrescalerConfig                      0x080014d7   Thumb Code     6  stm32f10x_tim.o(.text)
    TIM_CounterModeConfig                    0x080014dd   Thumb Code    18  stm32f10x_tim.o(.text)
    TIM_EncoderInterfaceConfig               0x080014ef   Thumb Code    66  stm32f10x_tim.o(.text)
    TIM_ForcedOC1Config                      0x08001531   Thumb Code    18  stm32f10x_tim.o(.text)
    TIM_ForcedOC2Config                      0x08001543   Thumb Code    26  stm32f10x_tim.o(.text)
    TIM_ForcedOC3Config                      0x0800155d   Thumb Code    18  stm32f10x_tim.o(.text)
    TIM_ForcedOC4Config                      0x0800156f   Thumb Code    26  stm32f10x_tim.o(.text)
    TIM_ARRPreloadConfig                     0x08001589   Thumb Code    24  stm32f10x_tim.o(.text)
    TIM_SelectCOM                            0x080015a1   Thumb Code    24  stm32f10x_tim.o(.text)
    TIM_SelectCCDMA                          0x080015b9   Thumb Code    24  stm32f10x_tim.o(.text)
    TIM_CCPreloadControl                     0x080015d1   Thumb Code    24  stm32f10x_tim.o(.text)
    TIM_OC1PreloadConfig                     0x080015e9   Thumb Code    18  stm32f10x_tim.o(.text)
    TIM_OC2PreloadConfig                     0x080015fb   Thumb Code    26  stm32f10x_tim.o(.text)
    TIM_OC3PreloadConfig                     0x08001615   Thumb Code    18  stm32f10x_tim.o(.text)
    TIM_OC4PreloadConfig                     0x08001627   Thumb Code    26  stm32f10x_tim.o(.text)
    TIM_OC1FastConfig                        0x08001641   Thumb Code    18  stm32f10x_tim.o(.text)
    TIM_OC2FastConfig                        0x08001653   Thumb Code    26  stm32f10x_tim.o(.text)
    TIM_OC3FastConfig                        0x0800166d   Thumb Code    18  stm32f10x_tim.o(.text)
    TIM_OC4FastConfig                        0x0800167f   Thumb Code    26  stm32f10x_tim.o(.text)
    TIM_ClearOC1Ref                          0x08001699   Thumb Code    18  stm32f10x_tim.o(.text)
    TIM_ClearOC2Ref                          0x080016ab   Thumb Code    24  stm32f10x_tim.o(.text)
    TIM_ClearOC3Ref                          0x080016c3   Thumb Code    18  stm32f10x_tim.o(.text)
    TIM_ClearOC4Ref                          0x080016d5   Thumb Code    24  stm32f10x_tim.o(.text)
    TIM_OC1PolarityConfig                    0x080016ed   Thumb Code    18  stm32f10x_tim.o(.text)
    TIM_OC1NPolarityConfig                   0x080016ff   Thumb Code    18  stm32f10x_tim.o(.text)
    TIM_OC2PolarityConfig                    0x08001711   Thumb Code    26  stm32f10x_tim.o(.text)
    TIM_OC2NPolarityConfig                   0x0800172b   Thumb Code    26  stm32f10x_tim.o(.text)
    TIM_OC3PolarityConfig                    0x08001745   Thumb Code    26  stm32f10x_tim.o(.text)
    TIM_OC3NPolarityConfig                   0x0800175f   Thumb Code    26  stm32f10x_tim.o(.text)
    TIM_OC4PolarityConfig                    0x08001779   Thumb Code    26  stm32f10x_tim.o(.text)
    TIM_CCxCmd                               0x08001793   Thumb Code    30  stm32f10x_tim.o(.text)
    TIM_CCxNCmd                              0x080017b1   Thumb Code    30  stm32f10x_tim.o(.text)
    TIM_SelectOCxM                           0x080017cf   Thumb Code    82  stm32f10x_tim.o(.text)
    TIM_UpdateDisableConfig                  0x08001821   Thumb Code    24  stm32f10x_tim.o(.text)
    TIM_UpdateRequestConfig                  0x08001839   Thumb Code    24  stm32f10x_tim.o(.text)
    TIM_SelectHallSensor                     0x08001851   Thumb Code    24  stm32f10x_tim.o(.text)
    TIM_SelectOnePulseMode                   0x08001869   Thumb Code    18  stm32f10x_tim.o(.text)
    TIM_SelectOutputTrigger                  0x0800187b   Thumb Code    18  stm32f10x_tim.o(.text)
    TIM_SelectSlaveMode                      0x0800188d   Thumb Code    18  stm32f10x_tim.o(.text)
    TIM_SelectMasterSlaveMode                0x0800189f   Thumb Code    18  stm32f10x_tim.o(.text)
    TIM_SetCounter                           0x080018b1   Thumb Code     4  stm32f10x_tim.o(.text)
    TIM_SetAutoreload                        0x080018b5   Thumb Code     4  stm32f10x_tim.o(.text)
    TIM_SetCompare1                          0x080018b9   Thumb Code     4  stm32f10x_tim.o(.text)
    TIM_SetCompare2                          0x080018bd   Thumb Code     4  stm32f10x_tim.o(.text)
    TIM_SetCompare3                          0x080018c1   Thumb Code     4  stm32f10x_tim.o(.text)
    TIM_SetCompare4                          0x080018c5   Thumb Code     6  stm32f10x_tim.o(.text)
    TIM_SetClockDivision                     0x080018cb   Thumb Code    18  stm32f10x_tim.o(.text)
    TIM_GetCapture1                          0x080018dd   Thumb Code     6  stm32f10x_tim.o(.text)
    TIM_GetCapture2                          0x080018e3   Thumb Code     6  stm32f10x_tim.o(.text)
    TIM_GetCapture3                          0x080018e9   Thumb Code     6  stm32f10x_tim.o(.text)
    TIM_GetCapture4                          0x080018ef   Thumb Code     8  stm32f10x_tim.o(.text)
    TIM_GetCounter                           0x080018f7   Thumb Code     6  stm32f10x_tim.o(.text)
    TIM_GetPrescaler                         0x080018fd   Thumb Code     6  stm32f10x_tim.o(.text)
    TIM_GetFlagStatus                        0x08001903   Thumb Code    18  stm32f10x_tim.o(.text)
    TIM_ClearFlag                            0x08001915   Thumb Code     6  stm32f10x_tim.o(.text)
    TIM_GetITStatus                          0x0800191b   Thumb Code    34  stm32f10x_tim.o(.text)
    TIM_ClearITPendingBit                    0x0800193d   Thumb Code     6  stm32f10x_tim.o(.text)
    USART_DeInit                             0x08001945   Thumb Code   134  stm32f10x_usart.o(.text)
    USART_Init                               0x080019cb   Thumb Code   210  stm32f10x_usart.o(.text)
    USART_StructInit                         0x08001a9d   Thumb Code    24  stm32f10x_usart.o(.text)
    USART_ClockInit                          0x08001ab5   Thumb Code    34  stm32f10x_usart.o(.text)
    USART_ClockStructInit                    0x08001ad7   Thumb Code    12  stm32f10x_usart.o(.text)
    USART_Cmd                                0x08001ae3   Thumb Code    24  stm32f10x_usart.o(.text)
    USART_ITConfig                           0x08001afb   Thumb Code    74  stm32f10x_usart.o(.text)
    USART_DMACmd                             0x08001b45   Thumb Code    18  stm32f10x_usart.o(.text)
    USART_SetAddress                         0x08001b57   Thumb Code    18  stm32f10x_usart.o(.text)
    USART_WakeUpConfig                       0x08001b69   Thumb Code    18  stm32f10x_usart.o(.text)
    USART_ReceiverWakeUpCmd                  0x08001b7b   Thumb Code    24  stm32f10x_usart.o(.text)
    USART_LINBreakDetectLengthConfig         0x08001b93   Thumb Code    18  stm32f10x_usart.o(.text)
    USART_LINCmd                             0x08001ba5   Thumb Code    24  stm32f10x_usart.o(.text)
    USART_SendData                           0x08001bbd   Thumb Code     8  stm32f10x_usart.o(.text)
    USART_ReceiveData                        0x08001bc5   Thumb Code    10  stm32f10x_usart.o(.text)
    USART_SendBreak                          0x08001bcf   Thumb Code    10  stm32f10x_usart.o(.text)
    USART_SetGuardTime                       0x08001bd9   Thumb Code    16  stm32f10x_usart.o(.text)
    USART_SetPrescaler                       0x08001be9   Thumb Code    16  stm32f10x_usart.o(.text)
    USART_SmartCardCmd                       0x08001bf9   Thumb Code    24  stm32f10x_usart.o(.text)
    USART_SmartCardNACKCmd                   0x08001c11   Thumb Code    24  stm32f10x_usart.o(.text)
    USART_HalfDuplexCmd                      0x08001c29   Thumb Code    24  stm32f10x_usart.o(.text)
    USART_OverSampling8Cmd                   0x08001c41   Thumb Code    22  stm32f10x_usart.o(.text)
    USART_OneBitMethodCmd                    0x08001c57   Thumb Code    24  stm32f10x_usart.o(.text)
    USART_IrDAConfig                         0x08001c6f   Thumb Code    18  stm32f10x_usart.o(.text)
    USART_IrDACmd                            0x08001c81   Thumb Code    24  stm32f10x_usart.o(.text)
    USART_GetFlagStatus                      0x08001c99   Thumb Code    26  stm32f10x_usart.o(.text)
    USART_ClearFlag                          0x08001cb3   Thumb Code    18  stm32f10x_usart.o(.text)
    USART_GetITStatus                        0x08001cc5   Thumb Code    84  stm32f10x_usart.o(.text)
    USART_ClearITPendingBit                  0x08001d19   Thumb Code    52  stm32f10x_usart.o(.text)
    main                                     0x08001d4d   Thumb Code     8  main.o(.text)
    Motor_GPIO_Config                        0x08001d55   Thumb Code    44  bsp_motor.o(.text)
    PWM_GPIO_Config                          0x08001d85   Thumb Code    34  bsp_pwm.o(.text)
    PWM_TIM_Config                           0x08001da7   Thumb Code    52  bsp_pwm.o(.text)
    PWM_Channel_Config                       0x08001ddb   Thumb Code    66  bsp_pwm.o(.text)
    GPIO_INIT                                0x08001e25   Thumb Code   110  init.o(.text)
    INIT_ALL                                 0x08001e93   Thumb Code    64  init.o(.text)
    USART1_Init                              0x08001ee9   Thumb Code   100  bsp_usart.o(.text)
    OLED_I2C_Init                            0x08001f55   Thumb Code    48  bsp_oled.o(.text)
    OLED_I2C_Start                           0x08001f85   Thumb Code    48  bsp_oled.o(.text)
    OLED_I2C_Stop                            0x08001fb5   Thumb Code    36  bsp_oled.o(.text)
    OLED_I2C_SendByte                        0x08001fd9   Thumb Code    80  bsp_oled.o(.text)
    OLED_WriteCommand                        0x08002029   Thumb Code    32  bsp_oled.o(.text)
    OLED_WriteData                           0x08002049   Thumb Code    32  bsp_oled.o(.text)
    OLED_SetCursor                           0x08002069   Thumb Code    34  bsp_oled.o(.text)
    OLED_Clear                               0x0800208b   Thumb Code    42  bsp_oled.o(.text)
    OLED_ShowChar                            0x080020b5   Thumb Code   110  bsp_oled.o(.text)
    OLED_ShowString                          0x08002123   Thumb Code    40  bsp_oled.o(.text)
    OLED_Pow                                 0x0800214b   Thumb Code    20  bsp_oled.o(.text)
    OLED_ShowNum                             0x0800215f   Thumb Code    68  bsp_oled.o(.text)
    OLED_ShowSignedNum                       0x080021a3   Thumb Code   102  bsp_oled.o(.text)
    OLED_ShowHexNum                          0x08002209   Thumb Code    84  bsp_oled.o(.text)
    OLED_ShowBinNum                          0x0800225d   Thumb Code    62  bsp_oled.o(.text)
    OLED_DrawBMP                             0x0800229b   Thumb Code   116  bsp_oled.o(.text)
    OLED_Init                                0x0800230f   Thumb Code   184  bsp_oled.o(.text)
    Encoder_Init                             0x080023c9   Thumb Code   230  bsp_encoder.o(.text)
    Read_Encoder_TIM3                        0x080024af   Thumb Code    34  bsp_encoder.o(.text)
    Read_Encoder_TIM4                        0x080024d1   Thumb Code    34  bsp_encoder.o(.text)
    TIM3_IRQHandler                          0x080024f3   Thumb Code    22  bsp_encoder.o(.text)
    TIM4_IRQHandler                          0x08002509   Thumb Code    22  bsp_encoder.o(.text)
    NMI_Handler                              0x08002531   Thumb Code     2  stm32f10x_it.o(.text)
    HardFault_Handler                        0x08002533   Thumb Code     4  stm32f10x_it.o(.text)
    MemManage_Handler                        0x08002537   Thumb Code     4  stm32f10x_it.o(.text)
    BusFault_Handler                         0x0800253b   Thumb Code     4  stm32f10x_it.o(.text)
    UsageFault_Handler                       0x0800253f   Thumb Code     4  stm32f10x_it.o(.text)
    SVC_Handler                              0x08002543   Thumb Code     2  stm32f10x_it.o(.text)
    DebugMon_Handler                         0x08002545   Thumb Code     2  stm32f10x_it.o(.text)
    PendSV_Handler                           0x08002547   Thumb Code     2  stm32f10x_it.o(.text)
    SysTick_Handler                          0x08002549   Thumb Code     2  stm32f10x_it.o(.text)
    TIM1_UP_IRQHandler                       0x0800254b   Thumb Code    62  stm32f10x_it.o(.text)
    mpu_reg_dump                             0x0800261b   Thumb Code    84  inv_mpu.o(.text)
    mpu_read_reg                             0x0800266f   Thumb Code    66  inv_mpu.o(.text)
    mpu_set_int_latched                      0x080026b1   Thumb Code   102  inv_mpu.o(.text)
    mpu_set_sensors                          0x08002717   Thumb Code   202  inv_mpu.o(.text)
    mpu_set_bypass                           0x080027e1   Thumb Code   328  inv_mpu.o(.text)
    mpu_reset_fifo                           0x08002929   Thumb Code   472  inv_mpu.o(.text)
    mpu_configure_fifo                       0x08002b01   Thumb Code   106  inv_mpu.o(.text)
    mpu_set_lpf                              0x08002b6b   Thumb Code   126  inv_mpu.o(.text)
    mpu_lp_accel_mode                        0x08002be9   Thumb Code   218  inv_mpu.o(.text)
    mpu_set_sample_rate                      0x08002cc3   Thumb Code   152  inv_mpu.o(.text)
    mpu_set_accel_fsr                        0x08002d5b   Thumb Code   132  inv_mpu.o(.text)
    mpu_set_gyro_fsr                         0x08002ddf   Thumb Code   132  inv_mpu.o(.text)
    mpu_init                                 0x08002e63   Thumb Code   396  inv_mpu.o(.text)
    mget_ms                                  0x08002fef   Thumb Code     2  inv_mpu.o(.text)
    mpu_get_gyro_reg                         0x08002ff1   Thumb Code   110  inv_mpu.o(.text)
    mpu_get_accel_reg                        0x0800305f   Thumb Code   110  inv_mpu.o(.text)
    mpu_get_temperature                      0x080030cd   Thumb Code   150  inv_mpu.o(.text)
    mpu_set_accel_bias                       0x08003163   Thumb Code   390  inv_mpu.o(.text)
    mpu_get_gyro_fsr                         0x080032e9   Thumb Code    64  inv_mpu.o(.text)
    mpu_get_accel_fsr                        0x08003329   Thumb Code    72  inv_mpu.o(.text)
    mpu_get_lpf                              0x08003371   Thumb Code    74  inv_mpu.o(.text)
    mpu_get_sample_rate                      0x080033bb   Thumb Code    26  inv_mpu.o(.text)
    mpu_get_compass_sample_rate              0x080033d5   Thumb Code    10  inv_mpu.o(.text)
    mpu_set_compass_sample_rate              0x080033df   Thumb Code     8  inv_mpu.o(.text)
    mpu_get_gyro_sens                        0x080033e7   Thumb Code    58  inv_mpu.o(.text)
    mpu_get_accel_sens                       0x08003421   Thumb Code    78  inv_mpu.o(.text)
    mpu_get_fifo_config                      0x0800346f   Thumb Code    12  inv_mpu.o(.text)
    mpu_get_power_state                      0x0800347b   Thumb Code    22  inv_mpu.o(.text)
    mpu_get_int_status                       0x08003491   Thumb Code    64  inv_mpu.o(.text)
    mpu_read_fifo                            0x080034d1   Thumb Code   522  inv_mpu.o(.text)
    mpu_read_fifo_stream                     0x080036db   Thumb Code   186  inv_mpu.o(.text)
    mpu_set_int_level                        0x08003795   Thumb Code    12  inv_mpu.o(.text)
    mpu_set_dmp_state                        0x08003e73   Thumb Code   138  inv_mpu.o(.text)
    mpu_run_self_test                        0x08003efd   Thumb Code   278  inv_mpu.o(.text)
    mpu_write_mem                            0x08004013   Thumb Code   122  inv_mpu.o(.text)
    mpu_read_mem                             0x0800408d   Thumb Code   122  inv_mpu.o(.text)
    mpu_load_firmware                        0x08004107   Thumb Code   192  inv_mpu.o(.text)
    mpu_get_dmp_state                        0x080041c7   Thumb Code    14  inv_mpu.o(.text)
    setup_compass                            0x080041d5   Thumb Code     6  inv_mpu.o(.text)
    mpu_get_compass_reg                      0x080041db   Thumb Code     8  inv_mpu.o(.text)
    mpu_get_compass_fsr                      0x080041e3   Thumb Code     8  inv_mpu.o(.text)
    mpu_lp_motion_interrupt                  0x080041eb   Thumb Code   512  inv_mpu.o(.text)
    run_self_test                            0x080043eb   Thumb Code   148  inv_mpu.o(.text)
    inv_row_2_scale                          0x0800447f   Thumb Code    78  inv_mpu.o(.text)
    inv_orientation_matrix_to_scalar         0x080044cd   Thumb Code    40  inv_mpu.o(.text)
    mpu_dmp_init                             0x080044f5   Thumb Code   154  inv_mpu.o(.text)
    mpu_dmp_get_data                         0x0800458f   Thumb Code   554  inv_mpu.o(.text)
    dmp_load_motion_driver_firmware          0x080047bd   Thumb Code    20  inv_mpu_dmp_motion_driver.o(.text)
    dmp_set_orientation                      0x080047d1   Thumb Code   290  inv_mpu_dmp_motion_driver.o(.text)
    dmp_set_gyro_bias                        0x080048f3   Thumb Code   294  inv_mpu_dmp_motion_driver.o(.text)
    dmp_set_accel_bias                       0x08004a19   Thumb Code   300  inv_mpu_dmp_motion_driver.o(.text)
    dmp_set_fifo_rate                        0x08004b45   Thumb Code   136  inv_mpu_dmp_motion_driver.o(.text)
    dmp_get_fifo_rate                        0x08004bcd   Thumb Code    12  inv_mpu_dmp_motion_driver.o(.text)
    dmp_set_tap_thresh                       0x08004bd9   Thumb Code   396  inv_mpu_dmp_motion_driver.o(.text)
    dmp_set_tap_axes                         0x08004d65   Thumb Code    70  inv_mpu_dmp_motion_driver.o(.text)
    dmp_set_tap_count                        0x08004dab   Thumb Code    38  inv_mpu_dmp_motion_driver.o(.text)
    dmp_set_tap_time                         0x08004dd1   Thumb Code    38  inv_mpu_dmp_motion_driver.o(.text)
    dmp_set_tap_time_multi                   0x08004df7   Thumb Code    38  inv_mpu_dmp_motion_driver.o(.text)
    dmp_set_shake_reject_thresh              0x08004e1d   Thumb Code    56  inv_mpu_dmp_motion_driver.o(.text)
    dmp_set_shake_reject_time                0x08004e55   Thumb Code    38  inv_mpu_dmp_motion_driver.o(.text)
    dmp_set_shake_reject_timeout             0x08004e7b   Thumb Code    38  inv_mpu_dmp_motion_driver.o(.text)
    dmp_get_pedometer_step_count             0x08004ea1   Thumb Code    66  inv_mpu_dmp_motion_driver.o(.text)
    dmp_set_pedometer_step_count             0x08004ee3   Thumb Code    42  inv_mpu_dmp_motion_driver.o(.text)
    dmp_get_pedometer_walk_time              0x08004f0d   Thumb Code    72  inv_mpu_dmp_motion_driver.o(.text)
    dmp_set_pedometer_walk_time              0x08004f55   Thumb Code    48  inv_mpu_dmp_motion_driver.o(.text)
    dmp_enable_6x_lp_quat                    0x08004f85   Thumb Code    84  inv_mpu_dmp_motion_driver.o(.text)
    dmp_enable_lp_quat                       0x08004fd9   Thumb Code    60  inv_mpu_dmp_motion_driver.o(.text)
    dmp_enable_gyro_cal                      0x08005015   Thumb Code    62  inv_mpu_dmp_motion_driver.o(.text)
    dmp_enable_feature                       0x08005053   Thumb Code   530  inv_mpu_dmp_motion_driver.o(.text)
    dmp_get_enabled_features                 0x08005265   Thumb Code    12  inv_mpu_dmp_motion_driver.o(.text)
    dmp_set_interrupt_mode                   0x080052cf   Thumb Code    66  inv_mpu_dmp_motion_driver.o(.text)
    dmp_read_fifo                            0x08005311   Thumb Code   514  inv_mpu_dmp_motion_driver.o(.text)
    dmp_register_tap_cb                      0x08005513   Thumb Code    10  inv_mpu_dmp_motion_driver.o(.text)
    dmp_register_android_orient_cb           0x0800551d   Thumb Code    10  inv_mpu_dmp_motion_driver.o(.text)
    MPU_Write_Byte                           0x0800552d   Thumb Code    68  mpu6050.o(.text)
    MPU_Set_LPF                              0x08005571   Thumb Code    58  mpu6050.o(.text)
    MPU_Set_Rate                             0x080055ab   Thumb Code    58  mpu6050.o(.text)
    MPU_Read_Byte                            0x080055e5   Thumb Code    58  mpu6050.o(.text)
    MPU_Set_Accel_Fsr                        0x0800561f   Thumb Code    16  mpu6050.o(.text)
    MPU_Set_Gyro_Fsr                         0x0800562f   Thumb Code    16  mpu6050.o(.text)
    MPU_Init                                 0x0800563f   Thumb Code   122  mpu6050.o(.text)
    MPU_Read_Len                             0x080056b9   Thumb Code   116  mpu6050.o(.text)
    MPU_Get_Temperature                      0x0800572d   Thumb Code    86  mpu6050.o(.text)
    MPU_Get_Gyroscope                        0x08005783   Thumb Code    80  mpu6050.o(.text)
    MPU_Get_Accelerometer                    0x080057d3   Thumb Code    80  mpu6050.o(.text)
    MPU_Write_Len                            0x08005823   Thumb Code    96  mpu6050.o(.text)
    MPU_IIC_Delay                            0x08005895   Thumb Code    10  mpuiic.o(.text)
    MPU_IIC_Init                             0x0800589f   Thumb Code    48  mpuiic.o(.text)
    MPU_IIC_Start                            0x080058cf   Thumb Code    64  mpuiic.o(.text)
    MPU_IIC_Stop                             0x0800590f   Thumb Code    66  mpuiic.o(.text)
    MPU_IIC_Wait_Ack                         0x08005951   Thumb Code    90  mpuiic.o(.text)
    MPU_IIC_Ack                              0x080059ab   Thumb Code    70  mpuiic.o(.text)
    MPU_IIC_NAck                             0x080059f1   Thumb Code    70  mpuiic.o(.text)
    MPU_IIC_Send_Byte                        0x08005a37   Thumb Code    86  mpuiic.o(.text)
    MPU_IIC_Read_Byte                        0x08005a8d   Thumb Code   100  mpuiic.o(.text)
    Stop                                     0x08005b01   Thumb Code   116  contral.o(.text)
    Motor_SetSpeed                           0x08005b75   Thumb Code    82  contral.o(.text)
    Limit1                                   0x08005bc7   Thumb Code    34  contral.o(.text)
    Velocity1                                0x08005be9   Thumb Code   210  contral.o(.text)
    Vertical1                                0x08005cbb   Thumb Code    70  contral.o(.text)
    Core_App_X                               0x08005d01   Thumb Code   126  contral.o(.text)
    Motor_SetAngle                           0x08005d7f   Thumb Code    90  contral.o(.text)
    Limit                                    0x08005dd9   Thumb Code    34  contral.o(.text)
    Velocity                                 0x08005dfb   Thumb Code   212  contral.o(.text)
    Vertical                                 0x08005ecf   Thumb Code   242  contral.o(.text)
    Core_App_Y                               0x08005fc1   Thumb Code   126  contral.o(.text)
    Timer1_Init                              0x08006079   Thumb Code   114  timer.o(.text)
    delay_init                               0x080060f1   Thumb Code    50  delay.o(.text)
    delay_us                                 0x08006123   Thumb Code    72  delay.o(.text)
    delay_ms                                 0x0800616b   Thumb Code    72  delay.o(.text)
    __aeabi_ldivmod                          0x080061c5   Thumb Code    98  ldiv.o(.text)
    __aeabi_memset                           0x08006227   Thumb Code    14  memseta.o(.text)
    __aeabi_memset4                          0x08006227   Thumb Code     0  memseta.o(.text)
    __aeabi_memset8                          0x08006227   Thumb Code     0  memseta.o(.text)
    __aeabi_memclr                           0x08006235   Thumb Code     4  memseta.o(.text)
    __aeabi_memclr4                          0x08006235   Thumb Code     0  memseta.o(.text)
    __aeabi_memclr8                          0x08006235   Thumb Code     0  memseta.o(.text)
    _memset$wrapper                          0x08006239   Thumb Code    18  memseta.o(.text)
    memcmp                                   0x0800624b   Thumb Code    26  memcmp.o(.text)
    __aeabi_fadd                             0x08006265   Thumb Code   164  fadd.o(.text)
    __aeabi_fsub                             0x08006309   Thumb Code     6  fadd.o(.text)
    __aeabi_frsub                            0x0800630f   Thumb Code     6  fadd.o(.text)
    __aeabi_fmul                             0x08006315   Thumb Code   100  fmul.o(.text)
    __aeabi_fdiv                             0x08006379   Thumb Code   124  fdiv.o(.text)
    __aeabi_dadd                             0x080063f5   Thumb Code   322  dadd.o(.text)
    __aeabi_dsub                             0x08006537   Thumb Code     6  dadd.o(.text)
    __aeabi_drsub                            0x0800653d   Thumb Code     6  dadd.o(.text)
    __aeabi_dmul                             0x08006543   Thumb Code   228  dmul.o(.text)
    __aeabi_ddiv                             0x08006627   Thumb Code   222  ddiv.o(.text)
    __aeabi_i2f                              0x08006705   Thumb Code    18  fflti.o(.text)
    __aeabi_ui2f                             0x08006717   Thumb Code    10  ffltui.o(.text)
    __aeabi_i2d                              0x08006721   Thumb Code    34  dflti.o(.text)
    __aeabi_f2iz                             0x08006743   Thumb Code    50  ffixi.o(.text)
    __aeabi_f2uiz                            0x08006775   Thumb Code    40  ffixui.o(.text)
    __aeabi_f2d                              0x0800679d   Thumb Code    38  f2d.o(.text)
    __aeabi_d2f                              0x080067c3   Thumb Code    56  d2f.o(.text)
    __aeabi_cfcmpeq                          0x080067fd   Thumb Code     0  cfcmple.o(.text)
    __aeabi_cfcmple                          0x080067fd   Thumb Code    20  cfcmple.o(.text)
    __aeabi_cfrcmple                         0x08006811   Thumb Code    20  cfrcmple.o(.text)
    __aeabi_uldivmod                         0x08006825   Thumb Code    98  uldiv.o(.text)
    __aeabi_llsl                             0x08006887   Thumb Code    30  llshl.o(.text)
    _ll_shift_l                              0x08006887   Thumb Code     0  llshl.o(.text)
    __aeabi_lasr                             0x080068a5   Thumb Code    36  llsshr.o(.text)
    _ll_sshift_r                             0x080068a5   Thumb Code     0  llsshr.o(.text)
    __I$use$fp                               0x080068c9   Thumb Code     0  iusefp.o(.text)
    _float_round                             0x080068c9   Thumb Code    18  fepilogue.o(.text)
    _float_epilogue                          0x080068db   Thumb Code    92  fepilogue.o(.text)
    _double_round                            0x08006937   Thumb Code    30  depilogue.o(.text)
    _double_epilogue                         0x08006955   Thumb Code   156  depilogue.o(.text)
    __ARM_scalbn                             0x080069f1   Thumb Code    46  dscalb.o(.text)
    scalbn                                   0x080069f1   Thumb Code     0  dscalb.o(.text)
    __aeabi_cdcmpeq                          0x08006a21   Thumb Code     0  cdcmple.o(.text)
    __aeabi_cdcmple                          0x08006a21   Thumb Code    48  cdcmple.o(.text)
    __scatterload                            0x08006a51   Thumb Code    28  init.o(.text)
    __scatterload_rt2                        0x08006a51   Thumb Code     0  init.o(.text)
    __aeabi_llsr                             0x08006a75   Thumb Code    32  llushr.o(.text)
    __semihosting_library_function           0x08006a75   Thumb Code     0  semi.o(.text)
    _ll_ushift_r                             0x08006a75   Thumb Code     0  llushr.o(.text)
    __I$use$semihosting$fputc                0x08006a95   Thumb Code     0  iusesemip.o(.text)
    _dsqrt                                   0x08006a95   Thumb Code   162  dsqrt.o(.text)
    __0printf$8                              0x08006b39   Thumb Code    22  printf8.o(i.__0printf$8)
    __1printf$8                              0x08006b39   Thumb Code     0  printf8.o(i.__0printf$8)
    __2printf                                0x08006b39   Thumb Code     0  printf8.o(i.__0printf$8)
    __ARM_fpclassify                         0x08006b59   Thumb Code    40  fpclassify.o(i.__ARM_fpclassify)
    __kernel_poly                            0x08006b81   Thumb Code   170  poly.o(i.__kernel_poly)
    __mathlib_dbl_infnan                     0x08006c2b   Thumb Code     6  dunder.o(i.__mathlib_dbl_infnan)
    __mathlib_dbl_infnan2                    0x08006c31   Thumb Code     4  dunder.o(i.__mathlib_dbl_infnan2)
    __mathlib_dbl_invalid                    0x08006c35   Thumb Code    12  dunder.o(i.__mathlib_dbl_invalid)
    __mathlib_dbl_underflow                  0x08006c41   Thumb Code    10  dunder.o(i.__mathlib_dbl_underflow)
    __scatterload_copy                       0x08006c51   Thumb Code    14  handlers.o(i.__scatterload_copy)
    __scatterload_null                       0x08006c5f   Thumb Code     2  handlers.o(i.__scatterload_null)
    __scatterload_zeroinit                   0x08006c61   Thumb Code    14  handlers.o(i.__scatterload_zeroinit)
    __set_errno                              0x08006c71   Thumb Code     6  errno.o(i.__set_errno)
    asin                                     0x080070d5   Thumb Code   572  asin.o(i.asin)
    atan                                     0x08007345   Thumb Code   474  atan.o(i.atan)
    atan2                                    0x08007565   Thumb Code   374  atan2.o(i.atan2)
    fputc                                    0x08007701   Thumb Code    18  fputc.o(i.fputc)
    sqrt                                     0x08007713   Thumb Code    76  sqrt.o(i.sqrt)
    OLED_F8x16                               0x0800775e   Data        1520  bsp_oled.o(.constdata)
    reg                                      0x08007d50   Data          27  inv_mpu.o(.constdata)
    hw                                       0x08007d6c   Data          12  inv_mpu.o(.constdata)
    test                                     0x08007d78   Data          40  inv_mpu.o(.constdata)
    __mathlib_zero                           0x08008a80   Data           8  qnan.o(.constdata)
    Region$$Table$$Base                      0x08008a88   Number         0  anon$$obj.o(Region$$Table)
    Region$$Table$$Limit                     0x08008aa8   Number         0  anon$$obj.o(Region$$Table)
    SystemCoreClock                          0x20000000   Data           4  system_stm32f10x.o(.data)
    AHBPrescTable                            0x20000004   Data          16  system_stm32f10x.o(.data)
    Count                                    0x20000028   Data           4  stm32f10x_it.o(.data)
    SpeedX                                   0x20000068   Data           8  contral.o(.data)
    SpeedY                                   0x20000070   Data           8  contral.o(.data)
    Med_Angle                                0x20000078   Data           4  contral.o(.data)
    Vertical_Kp                              0x2000007c   Data           4  contral.o(.data)
    Vertical_Kd                              0x20000080   Data           4  contral.o(.data)
    Velocity_Kp                              0x20000084   Data           4  contral.o(.data)
    Velocity_Ki                              0x20000088   Data           4  contral.o(.data)
    Vertical_out                             0x2000008c   Data           4  contral.o(.data)
    Velocity_out                             0x20000090   Data           4  contral.o(.data)
    Turn_out                                 0x20000094   Data           4  contral.o(.data)
    Encoder_Motor                            0x20000098   Data           4  contral.o(.data)
    Med_Angle1                               0x2000009c   Data           4  contral.o(.data)
    Vertical_Kp1                             0x200000a0   Data           4  contral.o(.data)
    Vertical_Kd1                             0x200000a4   Data           4  contral.o(.data)
    Velocity_Kp1                             0x200000a8   Data           4  contral.o(.data)
    Velocity_Ki1                             0x200000ac   Data           4  contral.o(.data)
    Vertical_out1                            0x200000b0   Data           4  contral.o(.data)
    Velocity_out1                            0x200000b4   Data           4  contral.o(.data)
    Encoder_Motor1                           0x200000b8   Data           4  contral.o(.data)
    PWM1                                     0x200000bc   Data           4  contral.o(.data)
    PWM2                                     0x200000c0   Data           4  contral.o(.data)
    Pitch                                    0x200000c4   Data           4  contral.o(.data)
    Roll                                     0x200000c8   Data           4  contral.o(.data)
    Yaw                                      0x200000cc   Data           4  contral.o(.data)
    aacx                                     0x200000d0   Data           2  contral.o(.data)
    aacy                                     0x200000d2   Data           2  contral.o(.data)
    aacz                                     0x200000d4   Data           2  contral.o(.data)
    gyrox                                    0x200000d6   Data           2  contral.o(.data)
    gyroy                                    0x200000d8   Data           2  contral.o(.data)
    gyroz                                    0x200000da   Data           2  contral.o(.data)
    PWM_MAX                                  0x200000dc   Data           4  contral.o(.data)
    PWM_MIN                                  0x200000e0   Data           4  contral.o(.data)
    PWM_MAX1                                 0x200000e4   Data           4  contral.o(.data)
    PWM_MIN1                                 0x200000e8   Data           4  contral.o(.data)
    __stdout                                 0x20000118   Data           4  stdout.o(.data)
    __initial_sp                             0x20000530   Data           0  startup_stm32f10x_hd.o(STACK)



==============================================================================

Memory Map of the image

  Image Entry point : 0x08000131

  Load Region LR_IROM1 (Base: 0x08000000, Size: 0x00008bc8, Max: 0x00010000, ABSOLUTE)

    Execution Region ER_IROM1 (Exec base: 0x08000000, Load base: 0x08000000, Size: 0x00008aa8, Max: 0x00010000, ABSOLUTE)

    Exec Addr    Load Addr    Size         Type   Attr      Idx    E Section Name        Object

    0x08000000   0x08000000   0x00000130   Data   RO            3    RESET               startup_stm32f10x_hd.o
    0x08000130   0x08000130   0x00000000   Code   RO          758  * .ARM.Collect$$$$00000000  mc_w.l(entry.o)
    0x08000130   0x08000130   0x00000004   Code   RO         1095    .ARM.Collect$$$$00000001  mc_w.l(entry2.o)
    0x08000134   0x08000134   0x00000004   Code   RO         1098    .ARM.Collect$$$$00000004  mc_w.l(entry5.o)
    0x08000138   0x08000138   0x00000000   Code   RO         1100    .ARM.Collect$$$$00000008  mc_w.l(entry7b.o)
    0x08000138   0x08000138   0x00000000   Code   RO         1102    .ARM.Collect$$$$0000000A  mc_w.l(entry8b.o)
    0x08000138   0x08000138   0x00000008   Code   RO         1103    .ARM.Collect$$$$0000000B  mc_w.l(entry9a.o)
    0x08000140   0x08000140   0x00000004   Code   RO         1110    .ARM.Collect$$$$0000000E  mc_w.l(entry12b.o)
    0x08000144   0x08000144   0x00000000   Code   RO         1105    .ARM.Collect$$$$0000000F  mc_w.l(entry10a.o)
    0x08000144   0x08000144   0x00000000   Code   RO         1107    .ARM.Collect$$$$00000011  mc_w.l(entry11a.o)
    0x08000144   0x08000144   0x00000004   Code   RO         1096    .ARM.Collect$$$$00002712  mc_w.l(entry2.o)
    0x08000148   0x08000148   0x00000024   Code   RO            4    .text               startup_stm32f10x_hd.o
    0x0800016c   0x0800016c   0x000001e0   Code   RO           24    .text               system_stm32f10x.o
    0x0800034c   0x0800034c   0x000000dc   Code   RO          121    .text               misc.o
    0x08000428   0x08000428   0x0000035c   Code   RO          269    .text               stm32f10x_gpio.o
    0x08000784   0x08000784   0x000003a4   Code   RO          317    .text               stm32f10x_rcc.o
    0x08000b28   0x08000b28   0x00000e1a   Code   RO          367    .text               stm32f10x_tim.o
    0x08001942   0x08001942   0x00000002   PAD
    0x08001944   0x08001944   0x00000408   Code   RO          379    .text               stm32f10x_usart.o
    0x08001d4c   0x08001d4c   0x00000008   Code   RO          403    .text               main.o
    0x08001d54   0x08001d54   0x00000030   Code   RO          469    .text               bsp_motor.o
    0x08001d84   0x08001d84   0x000000a0   Code   RO          481    .text               bsp_pwm.o
    0x08001e24   0x08001e24   0x000000c4   Code   RO          493    .text               init.o
    0x08001ee8   0x08001ee8   0x0000006c   Code   RO          508    .text               bsp_usart.o
    0x08001f54   0x08001f54   0x00000472   Code   RO          523    .text               bsp_oled.o
    0x080023c6   0x080023c6   0x00000002   PAD
    0x080023c8   0x080023c8   0x00000168   Code   RO          541    .text               bsp_encoder.o
    0x08002530   0x08002530   0x00000060   Code   RO          553    .text               stm32f10x_it.o
    0x08002590   0x08002590   0x0000222c   Code   RO          575    .text               inv_mpu.o
    0x080047bc   0x080047bc   0x00000d70   Code   RO          621    .text               inv_mpu_dmp_motion_driver.o
    0x0800552c   0x0800552c   0x00000368   Code   RO          642    .text               mpu6050.o
    0x08005894   0x08005894   0x0000026c   Code   RO          657    .text               mpuiic.o
    0x08005b00   0x08005b00   0x00000578   Code   RO          669    .text               contral.o
    0x08006078   0x08006078   0x00000078   Code   RO          687    .text               timer.o
    0x080060f0   0x080060f0   0x000000d4   Code   RO          699    .text               delay.o
    0x080061c4   0x080061c4   0x00000062   Code   RO          761    .text               mc_w.l(ldiv.o)
    0x08006226   0x08006226   0x00000024   Code   RO          763    .text               mc_w.l(memseta.o)
    0x0800624a   0x0800624a   0x0000001a   Code   RO          765    .text               mc_w.l(memcmp.o)
    0x08006264   0x08006264   0x000000b0   Code   RO         1028    .text               mf_w.l(fadd.o)
    0x08006314   0x08006314   0x00000064   Code   RO         1030    .text               mf_w.l(fmul.o)
    0x08006378   0x08006378   0x0000007c   Code   RO         1032    .text               mf_w.l(fdiv.o)
    0x080063f4   0x080063f4   0x0000014e   Code   RO         1034    .text               mf_w.l(dadd.o)
    0x08006542   0x08006542   0x000000e4   Code   RO         1036    .text               mf_w.l(dmul.o)
    0x08006626   0x08006626   0x000000de   Code   RO         1038    .text               mf_w.l(ddiv.o)
    0x08006704   0x08006704   0x00000012   Code   RO         1040    .text               mf_w.l(fflti.o)
    0x08006716   0x08006716   0x0000000a   Code   RO         1042    .text               mf_w.l(ffltui.o)
    0x08006720   0x08006720   0x00000022   Code   RO         1044    .text               mf_w.l(dflti.o)
    0x08006742   0x08006742   0x00000032   Code   RO         1046    .text               mf_w.l(ffixi.o)
    0x08006774   0x08006774   0x00000028   Code   RO         1048    .text               mf_w.l(ffixui.o)
    0x0800679c   0x0800679c   0x00000026   Code   RO         1050    .text               mf_w.l(f2d.o)
    0x080067c2   0x080067c2   0x00000038   Code   RO         1052    .text               mf_w.l(d2f.o)
    0x080067fa   0x080067fa   0x00000002   PAD
    0x080067fc   0x080067fc   0x00000014   Code   RO         1054    .text               mf_w.l(cfcmple.o)
    0x08006810   0x08006810   0x00000014   Code   RO         1056    .text               mf_w.l(cfrcmple.o)
    0x08006824   0x08006824   0x00000062   Code   RO         1116    .text               mc_w.l(uldiv.o)
    0x08006886   0x08006886   0x0000001e   Code   RO         1118    .text               mc_w.l(llshl.o)
    0x080068a4   0x080068a4   0x00000024   Code   RO         1120    .text               mc_w.l(llsshr.o)
    0x080068c8   0x080068c8   0x00000000   Code   RO         1129    .text               mc_w.l(iusefp.o)
    0x080068c8   0x080068c8   0x0000006e   Code   RO         1130    .text               mf_w.l(fepilogue.o)
    0x08006936   0x08006936   0x000000ba   Code   RO         1132    .text               mf_w.l(depilogue.o)
    0x080069f0   0x080069f0   0x0000002e   Code   RO         1134    .text               mf_w.l(dscalb.o)
    0x08006a1e   0x08006a1e   0x00000002   PAD
    0x08006a20   0x08006a20   0x00000030   Code   RO         1138    .text               mf_w.l(cdcmple.o)
    0x08006a50   0x08006a50   0x00000024   Code   RO         1142    .text               mc_w.l(init.o)
    0x08006a74   0x08006a74   0x00000000   Code   RO         1144    .text               mc_w.l(semi.o)
    0x08006a74   0x08006a74   0x00000020   Code   RO         1145    .text               mc_w.l(llushr.o)
    0x08006a94   0x08006a94   0x00000000   Code   RO         1147    .text               mc_w.l(iusesemip.o)
    0x08006a94   0x08006a94   0x000000a2   Code   RO         1148    .text               mf_w.l(dsqrt.o)
    0x08006b36   0x08006b36   0x00000002   PAD
    0x08006b38   0x08006b38   0x00000020   Code   RO          974    i.__0printf$8       mc_w.l(printf8.o)
    0x08006b58   0x08006b58   0x00000028   Code   RO         1082    i.__ARM_fpclassify  m_ws.l(fpclassify.o)
    0x08006b80   0x08006b80   0x000000aa   Code   RO         1084    i.__kernel_poly     m_ws.l(poly.o)
    0x08006c2a   0x08006c2a   0x00000006   Code   RO         1069    i.__mathlib_dbl_infnan  m_ws.l(dunder.o)
    0x08006c30   0x08006c30   0x00000004   Code   RO         1070    i.__mathlib_dbl_infnan2  m_ws.l(dunder.o)
    0x08006c34   0x08006c34   0x0000000c   Code   RO         1071    i.__mathlib_dbl_invalid  m_ws.l(dunder.o)
    0x08006c40   0x08006c40   0x00000010   Code   RO         1074    i.__mathlib_dbl_underflow  m_ws.l(dunder.o)
    0x08006c50   0x08006c50   0x0000000e   Code   RO         1152    i.__scatterload_copy  mc_w.l(handlers.o)
    0x08006c5e   0x08006c5e   0x00000002   Code   RO         1153    i.__scatterload_null  mc_w.l(handlers.o)
    0x08006c60   0x08006c60   0x0000000e   Code   RO         1154    i.__scatterload_zeroinit  mc_w.l(handlers.o)
    0x08006c6e   0x08006c6e   0x00000002   PAD
    0x08006c70   0x08006c70   0x0000000c   Code   RO         1124    i.__set_errno       mc_w.l(errno.o)
    0x08006c7c   0x08006c7c   0x00000404   Code   RO          981    i._printf_core      mc_w.l(printf8.o)
    0x08007080   0x08007080   0x00000024   Code   RO          982    i._printf_post_padding  mc_w.l(printf8.o)
    0x080070a4   0x080070a4   0x0000002e   Code   RO          983    i._printf_pre_padding  mc_w.l(printf8.o)
    0x080070d2   0x080070d2   0x00000002   PAD
    0x080070d4   0x080070d4   0x00000270   Code   RO          741    i.asin              m_ws.l(asin.o)
    0x08007344   0x08007344   0x00000220   Code   RO         1059    i.atan              m_ws.l(atan.o)
    0x08007564   0x08007564   0x0000019c   Code   RO          751    i.atan2             m_ws.l(atan2.o)
    0x08007700   0x08007700   0x00000012   Code   RO         1111    i.fputc             mc_w.l(fputc.o)
    0x08007712   0x08007712   0x0000004c   Code   RO         1088    i.sqrt              m_ws.l(sqrt.o)
    0x0800775e   0x0800775e   0x000005f0   Data   RO          524    .constdata          bsp_oled.o
    0x08007d4e   0x08007d4e   0x00000002   PAD
    0x08007d50   0x08007d50   0x00000050   Data   RO          576    .constdata          inv_mpu.o
    0x08007da0   0x08007da0   0x00000bf6   Data   RO          623    .constdata          inv_mpu_dmp_motion_driver.o
    0x08008996   0x08008996   0x00000002   PAD
    0x08008998   0x08008998   0x00000050   Data   RO          742    .constdata          m_ws.l(asin.o)
    0x080089e8   0x080089e8   0x00000098   Data   RO         1060    .constdata          m_ws.l(atan.o)
    0x08008a80   0x08008a80   0x00000008   Data   RO         1086    .constdata          m_ws.l(qnan.o)
    0x08008a88   0x08008a88   0x00000020   Data   RO         1150    Region$$Table       anon$$obj.o


    Execution Region RW_IRAM1 (Exec base: 0x20000000, Load base: 0x08008aa8, Size: 0x00000530, Max: 0x00005000, ABSOLUTE)

    Exec Addr    Load Addr    Size         Type   Attr      Idx    E Section Name        Object

    0x20000000   0x08008aa8   0x00000014   Data   RW           25    .data               system_stm32f10x.o
    0x20000014   0x08008abc   0x00000014   Data   RW          318    .data               stm32f10x_rcc.o
    0x20000028   0x08008ad0   0x00000004   Data   RW          554    .data               stm32f10x_it.o
    0x2000002c   0x08008ad4   0x00000035   Data   RW          577    .data               inv_mpu.o
    0x20000061   0x08008b09   0x00000007   PAD
    0x20000068   0x08008b10   0x000000ac   Data   RW          670    .data               contral.o
    0x20000114   0x08008bbc   0x00000004   Data   RW          700    .data               delay.o
    0x20000118   0x08008bc0   0x00000004   Data   RW         1113    .data               mc_w.l(stdout.o)
    0x2000011c   0x08008bc4   0x00000004   Data   RW         1125    .data               mc_w.l(errno.o)
    0x20000120        -       0x00000010   Zero   RW          622    .bss                inv_mpu_dmp_motion_driver.o
    0x20000130        -       0x00000400   Zero   RW            1    STACK               startup_stm32f10x_hd.o


==============================================================================

Image component sizes


      Code (inc. data)   RO Data    RW Data    ZI Data      Debug   Object Name

       360         18          0          0          0       1295   bsp_encoder.o
        48          4          0          0          0        480   bsp_motor.o
      1138          8       1520          0          0       5493   bsp_oled.o
       160          8          0          0          0        912   bsp_pwm.o
       108          8          0          0          0        538   bsp_usart.o
      1400        228          0        172          0       4319   contral.o
         0          0          0          0          0       4508   core_cm3.o
       212         18          0          4          0       1039   delay.o
       196         22          0          0          0       1457   init.o
      8748        126         80         53          0      23909   inv_mpu.o
      3440        126       3062          0         16      15411   inv_mpu_dmp_motion_driver.o
         8          0          0          0          0        427   main.o
       220         22          0          0          0       1821   misc.o
       872         18          0          0          0       4291   mpu6050.o
       620         16          0          0          0       2066   mpuiic.o
        36          8        304          0       1024        860   startup_stm32f10x_hd.o
       860         38          0          0          0       5749   stm32f10x_gpio.o
        96          8          0          4          0       1657   stm32f10x_it.o
       932         36          0         20          0       8932   stm32f10x_rcc.o
      3610         88          0          0          0      22860   stm32f10x_tim.o
      1032         22          0          0          0       8480   stm32f10x_usart.o
       480         38          0         20          0     248903   system_stm32f10x.o
       120          6          0          0          0        618   timer.o

    ----------------------------------------------------------------------
     24700        866       5002        280       1040     366025   Object Totals
         0          0         32          0          0          0   (incl. Generated)
         4          0          4          7          0          0   (incl. Padding)

    ----------------------------------------------------------------------

      Code (inc. data)   RO Data    RW Data    ZI Data      Debug   Library Member Name

       624         52         80          0          0        168   asin.o
       544         70        152          0          0        124   atan.o
       412         38          0          0          0        144   atan2.o
        38          6          0          0          0        272   dunder.o
        40          0          0          0          0         68   fpclassify.o
       170          0          0          0          0         96   poly.o
         0          0          8          0          0          0   qnan.o
        76          0          0          0          0         84   sqrt.o
         0          0          0          0          0          0   entry.o
         0          0          0          0          0          0   entry10a.o
         0          0          0          0          0          0   entry11a.o
         4          0          0          0          0          0   entry12b.o
         8          4          0          0          0          0   entry2.o
         4          0          0          0          0          0   entry5.o
         0          0          0          0          0          0   entry7b.o
         0          0          0          0          0          0   entry8b.o
         8          4          0          0          0          0   entry9a.o
        12          6          0          4          0         68   errno.o
        18          0          0          0          0         80   fputc.o
        30          0          0          0          0          0   handlers.o
        36          8          0          0          0         68   init.o
         0          0          0          0          0          0   iusefp.o
         0          0          0          0          0          0   iusesemip.o
        98          0          0          0          0         84   ldiv.o
        30          0          0          0          0         68   llshl.o
        36          0          0          0          0         68   llsshr.o
        32          0          0          0          0         68   llushr.o
        26          0          0          0          0         80   memcmp.o
        36          0          0          0          0        108   memseta.o
      1142         54          0          0          0        352   printf8.o
         0          0          0          0          0          0   semi.o
         0          0          0          4          0          0   stdout.o
        98          0          0          0          0         92   uldiv.o
        48          0          0          0          0         68   cdcmple.o
        20          0          0          0          0         68   cfcmple.o
        20          0          0          0          0         68   cfrcmple.o
        56          0          0          0          0         88   d2f.o
       334          0          0          0          0        148   dadd.o
       222          0          0          0          0        100   ddiv.o
       186          0          0          0          0        176   depilogue.o
        34          0          0          0          0         76   dflti.o
       228          0          0          0          0         96   dmul.o
        46          0          0          0          0         80   dscalb.o
       162          0          0          0          0        100   dsqrt.o
        38          0          0          0          0         68   f2d.o
       176          0          0          0          0        140   fadd.o
       124          0          0          0          0         88   fdiv.o
       110          0          0          0          0        168   fepilogue.o
        50          0          0          0          0         68   ffixi.o
        40          0          0          0          0         68   ffixui.o
        18          0          0          0          0         68   fflti.o
        10          0          0          0          0         68   ffltui.o
       100          0          0          0          0         76   fmul.o

    ----------------------------------------------------------------------
      5554        242        240          8          0       3972   Library Totals
        10          0          0          0          0          0   (incl. Padding)

    ----------------------------------------------------------------------

      Code (inc. data)   RO Data    RW Data    ZI Data      Debug   Library Name

      1904        166        240          0          0        956   m_ws.l
      1618         76          0          8          0       1136   mc_w.l
      2022          0          0          0          0       1880   mf_w.l

    ----------------------------------------------------------------------
      5554        242        240          8          0       3972   Library Totals

    ----------------------------------------------------------------------

==============================================================================


      Code (inc. data)   RO Data    RW Data    ZI Data      Debug   

     30254       1108       5242        288       1040     366301   Grand Totals
     30254       1108       5242        288       1040     366301   ELF Image Totals
     30254       1108       5242        288          0          0   ROM Totals

==============================================================================

    Total RO  Size (Code + RO Data)                35496 (  34.66kB)
    Total RW  Size (RW Data + ZI Data)              1328 (   1.30kB)
    Total ROM Size (Code + RO Data + RW Data)      35784 (  34.95kB)

==============================================================================

